

================================================================
== Vivado HLS Report for 'synth_top_classifyPoly'
================================================================
* Date:           Thu May 21 18:38:31 2015

* Version:        2015.1 (Build 1215546 on Mon Apr 27 19:24:50 PM 2015)
* Project:        smosynth.prj
* Solution:       solution1
* Product family: zynq
* Target device:  xc7z020clg484-1


================================================================
== Performance Estimates
================================================================
+ Timing (ns): 
    * Summary: 
    +---------+-------+----------+------------+
    |  Clock  | Target| Estimated| Uncertainty|
    +---------+-------+----------+------------+
    |default  |  10.00|      8.23|        1.25|
    +---------+-------+----------+------------+

+ Latency (clock cycles): 
    * Summary: 
    +--------+---------+--------+---------+---------+
    |      Latency     |     Interval     | Pipeline|
    |   min  |   max   |   min  |   max   |   Type  |
    +--------+---------+--------+---------+---------+
    |  148152|  1691052|  148152|  1691052|   none  |
    +--------+---------+--------+---------+---------+

    + Detail: 
        * Instance: 
        N/A

        * Loop: 
        +------------------------+--------+---------+--------------+-----------+-----------+------+----------+
        |                        |      Latency     |   Iteration  |  Initiation Interval  | Trip |          |
        |        Loop Name       |   min  |   max   |    Latency   |  achieved |   target  | Count| Pipelined|
        +------------------------+--------+---------+--------------+-----------+-----------+------+----------+
        |- POLY_INIT_FOR_LOOP    |      50|       50|             1|          -|          -|    50|    no    |
        |- POLY_OUTER_FOR_LOOP   |  148100|  1691000| 2962 ~ 33820 |          -|          -|    50|    no    |
        | + POLY_INNER_FOR_LOOP  |    2960|    33818|   80 ~ 914   |          -|          -|    37|    no    |
        +------------------------+--------+---------+--------------+-----------+-----------+------+----------+



================================================================
== Utilization Estimates
================================================================
* Summary: 
+-----------------+---------+-------+--------+-------+
|       Name      | BRAM_18K| DSP48E|   FF   |  LUT  |
+-----------------+---------+-------+--------+-------+
|Expression       |        -|      -|       -|      -|
|FIFO             |        -|      -|       -|      -|
|Instance         |        -|      -|       -|      -|
|Memory           |        -|      -|       -|      -|
|Multiplexer      |        -|      -|       -|      -|
|Register         |        -|      -|       -|      -|
+-----------------+---------+-------+--------+-------+
|Total            |        0|      0|       0|      0|
+-----------------+---------+-------+--------+-------+
|Available        |      280|    220|  106400|  53200|
+-----------------+---------+-------+--------+-------+
|Utilization (%)  |        0|      0|       0|      0|
+-----------------+---------+-------+--------+-------+

+ Detail: 
    * Instance: 
    N/A

    * Memory: 
    N/A

    * FIFO: 
    N/A

    * Expression: 
    N/A

    * Multiplexer: 
    N/A

    * Register: 
    N/A



================================================================
== Interface
================================================================
* Summary: 
N/A

============================================================
+ Verbose Summary: Synthesis Manager
============================================================
InlineROM: 1
ExposeGlobal: 0
============================================================
+ Verbose Summary: CDFG Model
============================================================
IsTopModel: 0
ResetActiveHigh: 1
IsCombinational: 0
IsDatapathOnly: 0
HasWiredReturn: 1
HasMFsm: 0
HasVarLatency: 1
IsPipeline: 0
IsRtlPipelined: 0
IsInstanceOverlapped: 0
IsDontTouch: 0
HasImplIP: 0
IsGatedGlobalClock: 0


============================================================
+ Verbose Summary: Schedule
============================================================
* Number of FSM states: 82
* Pipeline: 0
* Dataflow Pipeline: 0

* FSM state transitions: 
1 --> 
	2  / true
2 --> 
	3  / (exitcond2)
	2  / (!exitcond2)
3 --> 
	4  / (!exitcond1)
4 --> 
	5  / (!exitcond)
	3  / (exitcond)
5 --> 
	6  / true
6 --> 
	7  / true
7 --> 
	8  / true
8 --> 
	9  / true
9 --> 
	10  / true
10 --> 
	11  / true
11 --> 
	12  / true
12 --> 
	13  / true
13 --> 
	14  / true
14 --> 
	15  / true
15 --> 
	16  / true
16 --> 
	17  / true
17 --> 
	18  / true
18 --> 
	19  / true
19 --> 
	20  / true
20 --> 
	21  / true
21 --> 
	22  / true
22 --> 
	23  / true
23 --> 
	24  / true
24 --> 
	25  / true
25 --> 
	26  / true
26 --> 
	27  / true
27 --> 
	28  / true
28 --> 
	29  / true
29 --> 
	30  / true
30 --> 
	31  / true
31 --> 
	32  / true
32 --> 
	33  / true
33 --> 
	34  / true
34 --> 
	35  / true
35 --> 
	36  / true
36 --> 
	37  / true
37 --> 
	38  / true
38 --> 
	39  / true
39 --> 
	40  / true
40 --> 
	41  / true
41 --> 
	42  / true
42 --> 
	43  / true
43 --> 
	44  / true
44 --> 
	45  / true
45 --> 
	46  / true
46 --> 
	47  / true
47 --> 
	48  / true
48 --> 
	49  / true
49 --> 
	50  / true
50 --> 
	51  / true
51 --> 
	52  / true
52 --> 
	53  / true
53 --> 
	54  / true
54 --> 
	55  / true
55 --> 
	56  / true
56 --> 
	57  / true
57 --> 
	58  / true
58 --> 
	59  / true
59 --> 
	60  / true
60 --> 
	61  / true
61 --> 
	62  / true
62 --> 
	63  / true
63 --> 
	64  / true
64 --> 
	65  / true
65 --> 
	66  / true
66 --> 
	67  / true
67 --> 
	68  / true
68 --> 
	69  / true
69 --> 
	70  / true
70 --> 
	71  / true
71 --> 
	72  / true
72 --> 
	73  / true
73 --> 
	74  / true
74 --> 
	75  / true
75 --> 
	76  / true
76 --> 
	77  / true
77 --> 
	78  / true
78 --> 
	79  / true
79 --> 
	80  / true
80 --> 
	81  / true
81 --> 
	82  / true
82 --> 
	4  / true
* FSM state operations: 

 <State 1>: 1.57ns
ST_1: empty [1/1] 0.00ns
:0  %empty = call i32 (...)* @_ssdm_op_SpecMemCore([50 x double]* %output_r, [1 x i8]* @str48, [7 x i8]* @str47, [1 x i8]* @str48, i32 -1, [1 x i8]* @str48, [1 x i8]* @str48, [1 x i8]* @str48)

ST_1: empty_44 [1/1] 0.00ns
:1  %empty_44 = call i32 (...)* @_ssdm_op_SpecMemCore([50 x i32]* %nonZeroFeature, [1 x i8]* @str44, [7 x i8]* @str43, [1 x i8]* @str44, i32 -1, [1 x i8]* @str44, [1 x i8]* @str44, [1 x i8]* @str44)

ST_1: empty_45 [1/1] 0.00ns
:2  %empty_45 = call i32 (...)* @_ssdm_op_SpecMemCore([37 x i32]* %svNonZeroFeature, [1 x i8]* @str42, [7 x i8]* @str41, [1 x i8]* @str42, i32 -1, [1 x i8]* @str42, [1 x i8]* @str42, [1 x i8]* @str42)

ST_1: empty_46 [1/1] 0.00ns
:3  %empty_46 = call i32 (...)* @_ssdm_op_SpecMemCore([37 x double]* %lambda, [1 x i8]* @str40, [7 x i8]* @str39, [1 x i8]* @str40, i32 -1, [1 x i8]* @str40, [1 x i8]* @str40, [1 x i8]* @str40)

ST_1: empty_47 [1/1] 0.00ns
:4  %empty_47 = call i32 (...)* @_ssdm_op_SpecMemCore([444 x double]* %sv_3_value, [1 x i8]* @str38, [7 x i8]* @str37, [1 x i8]* @str38, i32 -1, [1 x i8]* @str38, [1 x i8]* @str38, [1 x i8]* @str38)

ST_1: empty_48 [1/1] 0.00ns
:5  %empty_48 = call i32 (...)* @_ssdm_op_SpecMemCore([444 x double]* %sv_2_value, [1 x i8]* @str36, [7 x i8]* @str35, [1 x i8]* @str36, i32 -1, [1 x i8]* @str36, [1 x i8]* @str36, [1 x i8]* @str36)

ST_1: empty_49 [1/1] 0.00ns
:6  %empty_49 = call i32 (...)* @_ssdm_op_SpecMemCore([481 x double]* %sv_1_value, [1 x i8]* @str34, [7 x i8]* @str33, [1 x i8]* @str34, i32 -1, [1 x i8]* @str34, [1 x i8]* @str34, [1 x i8]* @str34)

ST_1: empty_50 [1/1] 0.00ns
:7  %empty_50 = call i32 (...)* @_ssdm_op_SpecMemCore([481 x double]* %sv_0_value, [1 x i8]* @str32, [7 x i8]* @str31, [1 x i8]* @str32, i32 -1, [1 x i8]* @str32, [1 x i8]* @str32, [1 x i8]* @str32)

ST_1: empty_51 [1/1] 0.00ns
:8  %empty_51 = call i32 (...)* @_ssdm_op_SpecMemCore([444 x i32]* %sv_3_id, [1 x i8]* @str30, [7 x i8]* @str29, [1 x i8]* @str30, i32 -1, [1 x i8]* @str30, [1 x i8]* @str30, [1 x i8]* @str30)

ST_1: empty_52 [1/1] 0.00ns
:9  %empty_52 = call i32 (...)* @_ssdm_op_SpecMemCore([444 x i32]* %sv_2_id, [1 x i8]* @str28, [7 x i8]* @str27, [1 x i8]* @str28, i32 -1, [1 x i8]* @str28, [1 x i8]* @str28, [1 x i8]* @str28)

ST_1: empty_53 [1/1] 0.00ns
:10  %empty_53 = call i32 (...)* @_ssdm_op_SpecMemCore([481 x i32]* %sv_1_id, [1 x i8]* @str26, [7 x i8]* @str25, [1 x i8]* @str26, i32 -1, [1 x i8]* @str26, [1 x i8]* @str26, [1 x i8]* @str26)

ST_1: empty_54 [1/1] 0.00ns
:11  %empty_54 = call i32 (...)* @_ssdm_op_SpecMemCore([481 x i32]* %sv_0_id, [1 x i8]* @str24, [7 x i8]* @str23, [1 x i8]* @str24, i32 -1, [1 x i8]* @str24, [1 x i8]* @str24, [1 x i8]* @str24)

ST_1: empty_55 [1/1] 0.00ns
:12  %empty_55 = call i32 (...)* @_ssdm_op_SpecMemCore([600 x double]* %example_3_value, [1 x i8]* @str22, [7 x i8]* @str21, [1 x i8]* @str22, i32 -1, [1 x i8]* @str22, [1 x i8]* @str22, [1 x i8]* @str22)

ST_1: empty_56 [1/1] 0.00ns
:13  %empty_56 = call i32 (...)* @_ssdm_op_SpecMemCore([600 x double]* %example_2_value, [1 x i8]* @str20, [7 x i8]* @str19, [1 x i8]* @str20, i32 -1, [1 x i8]* @str20, [1 x i8]* @str20, [1 x i8]* @str20)

ST_1: empty_57 [1/1] 0.00ns
:14  %empty_57 = call i32 (...)* @_ssdm_op_SpecMemCore([650 x double]* %example_1_value, [1 x i8]* @str18, [7 x i8]* @str17, [1 x i8]* @str18, i32 -1, [1 x i8]* @str18, [1 x i8]* @str18, [1 x i8]* @str18)

ST_1: empty_58 [1/1] 0.00ns
:15  %empty_58 = call i32 (...)* @_ssdm_op_SpecMemCore([650 x double]* %example_0_value, [1 x i8]* @str16, [7 x i8]* @str15, [1 x i8]* @str16, i32 -1, [1 x i8]* @str16, [1 x i8]* @str16, [1 x i8]* @str16)

ST_1: empty_59 [1/1] 0.00ns
:16  %empty_59 = call i32 (...)* @_ssdm_op_SpecMemCore([600 x i32]* %example_3_id, [1 x i8]* @str14, [7 x i8]* @str13, [1 x i8]* @str14, i32 -1, [1 x i8]* @str14, [1 x i8]* @str14, [1 x i8]* @str14)

ST_1: empty_60 [1/1] 0.00ns
:17  %empty_60 = call i32 (...)* @_ssdm_op_SpecMemCore([600 x i32]* %example_2_id, [1 x i8]* @str12, [7 x i8]* @str11, [1 x i8]* @str12, i32 -1, [1 x i8]* @str12, [1 x i8]* @str12, [1 x i8]* @str12)

ST_1: empty_61 [1/1] 0.00ns
:18  %empty_61 = call i32 (...)* @_ssdm_op_SpecMemCore([650 x i32]* %example_1_id, [1 x i8]* @str10, [7 x i8]* @str9, [1 x i8]* @str10, i32 -1, [1 x i8]* @str10, [1 x i8]* @str10, [1 x i8]* @str10)

ST_1: empty_62 [1/1] 0.00ns
:19  %empty_62 = call i32 (...)* @_ssdm_op_SpecMemCore([650 x i32]* %example_0_id, [1 x i8]* @str8, [7 x i8]* @str7, [1 x i8]* @str8, i32 -1, [1 x i8]* @str8, [1 x i8]* @str8, [1 x i8]* @str8)

ST_1: stg_103 [1/1] 1.57ns
:20  br label %1


 <State 2>: 3.51ns
ST_2: i [1/1] 0.00ns
:0  %i = phi i6 [ 1, %0 ], [ %i_2, %2 ]

ST_2: exitcond2 [1/1] 1.94ns
:1  %exitcond2 = icmp eq i6 %i, -13

ST_2: stg_106 [1/1] 0.00ns
:2  call void (...)* @_ssdm_op_SpecLoopTripCount(i64 50, i64 50, i64 50)

ST_2: stg_107 [1/1] 1.57ns
:3  br i1 %exitcond2, label %.preheader, label %2

ST_2: stg_108 [1/1] 0.00ns
:0  call void (...)* @_ssdm_op_SpecLoopName([19 x i8]* @p_str519) nounwind

ST_2: tmp [1/1] 0.00ns
:1  %tmp = zext i6 %i to i64

ST_2: output_addr [1/1] 0.00ns
:2  %output_addr = getelementptr [50 x double]* %output_r, i64 0, i64 %tmp

ST_2: stg_111 [1/1] 2.39ns
:3  store double 0.000000e+00, double* %output_addr, align 8

ST_2: i_2 [1/1] 1.72ns
:4  %i_2 = add i6 %i, 1

ST_2: stg_113 [1/1] 0.00ns
:5  br label %1


 <State 3>: 1.94ns
ST_3: i_1 [1/1] 0.00ns
.preheader:0  %i_1 = phi i6 [ %i_3, %6 ], [ 1, %1 ]

ST_3: exitcond1 [1/1] 1.94ns
.preheader:1  %exitcond1 = icmp eq i6 %i_1, -13

ST_3: stg_116 [1/1] 0.00ns
.preheader:2  call void (...)* @_ssdm_op_SpecLoopTripCount(i64 50, i64 50, i64 50)

ST_3: stg_117 [1/1] 0.00ns
.preheader:3  br i1 %exitcond1, label %7, label %3

ST_3: stg_118 [1/1] 0.00ns
:0  call void (...)* @_ssdm_op_SpecLoopName([20 x i8]* @p_str620) nounwind

ST_3: tmp_3 [1/1] 0.00ns
:1  %tmp_3 = call i32 (...)* @_ssdm_op_SpecRegionBegin([20 x i8]* @p_str620)

ST_3: tmp_s [1/1] 0.00ns
:2  %tmp_s = zext i6 %i_1 to i64

ST_3: nonZeroFeature_addr [1/1] 0.00ns
:3  %nonZeroFeature_addr = getelementptr [50 x i32]* %nonZeroFeature, i64 0, i64 %tmp_s

ST_3: output_addr_1 [1/1] 0.00ns
:4  %output_addr_1 = getelementptr [50 x double]* %output_r, i64 0, i64 %tmp_s

ST_3: stg_123 [1/1] 1.57ns
:5  br label %4

ST_3: stg_124 [1/1] 0.00ns
:0  ret void


 <State 4>: 2.39ns
ST_4: j [1/1] 0.00ns
:0  %j = phi i6 [ 1, %3 ], [ %j_1, %5 ]

ST_4: exitcond [1/1] 1.94ns
:1  %exitcond = icmp eq i6 %j, -26

ST_4: stg_127 [1/1] 0.00ns
:2  call void (...)* @_ssdm_op_SpecLoopTripCount(i64 37, i64 37, i64 37)

ST_4: stg_128 [1/1] 0.00ns
:3  br i1 %exitcond, label %6, label %5

ST_4: tmp_2 [1/1] 0.00ns
:1  %tmp_2 = zext i6 %j to i64

ST_4: svNonZeroFeature_addr [1/1] 0.00ns
:2  %svNonZeroFeature_addr = getelementptr [37 x i32]* %svNonZeroFeature, i64 0, i64 %tmp_2

ST_4: svNonZeroFeature_load [2/2] 2.39ns
:3  %svNonZeroFeature_load = load i32* %svNonZeroFeature_addr, align 4

ST_4: nonZeroFeature_load [2/2] 2.39ns
:4  %nonZeroFeature_load = load i32* %nonZeroFeature_addr, align 4

ST_4: empty_63 [1/1] 0.00ns
:0  %empty_63 = call i32 (...)* @_ssdm_op_SpecRegionEnd([20 x i8]* @p_str620, i32 %tmp_3)

ST_4: i_3 [1/1] 1.72ns
:1  %i_3 = add i6 %i_1, 1

ST_4: stg_135 [1/1] 0.00ns
:2  br label %.preheader


 <State 5>: 2.39ns
ST_5: svNonZeroFeature_load [1/2] 2.39ns
:3  %svNonZeroFeature_load = load i32* %svNonZeroFeature_addr, align 4

ST_5: nonZeroFeature_load [1/2] 2.39ns
:4  %nonZeroFeature_load = load i32* %nonZeroFeature_addr, align 4


 <State 6>: 6.38ns
ST_6: tmp_1 [2/2] 6.38ns
:5  %tmp_1 = call fastcc double @synth_top_dotProduct([481 x i32]* nocapture %sv_0_id, [481 x i32]* nocapture %sv_1_id, [444 x i32]* nocapture %sv_2_id, [444 x i32]* nocapture %sv_3_id, [481 x double]* nocapture %sv_0_value, [481 x double]* nocapture %sv_1_value, [444 x double]* nocapture %sv_2_value, [444 x double]* nocapture %sv_3_value, i32 %svNonZeroFeature_load, i32 %nonZeroFeature_load, [650 x i32]* nocapture %example_0_id, [650 x i32]* nocapture %example_1_id, [600 x i32]* nocapture %example_2_id, [600 x i32]* nocapture %example_3_id, [650 x double]* nocapture %example_0_value, [650 x double]* nocapture %example_1_value, [600 x double]* nocapture %example_2_value, [600 x double]* nocapture %example_3_value, i6 %j, i6 %i_1) readonly

ST_6: j_1 [1/1] 1.72ns
:22  %j_1 = add i6 %j, 1


 <State 7>: 6.50ns
ST_7: tmp_1 [1/2] 0.00ns
:5  %tmp_1 = call fastcc double @synth_top_dotProduct([481 x i32]* nocapture %sv_0_id, [481 x i32]* nocapture %sv_1_id, [444 x i32]* nocapture %sv_2_id, [444 x i32]* nocapture %sv_3_id, [481 x double]* nocapture %sv_0_value, [481 x double]* nocapture %sv_1_value, [444 x double]* nocapture %sv_2_value, [444 x double]* nocapture %sv_3_value, i32 %svNonZeroFeature_load, i32 %nonZeroFeature_load, [650 x i32]* nocapture %example_0_id, [650 x i32]* nocapture %example_1_id, [600 x i32]* nocapture %example_2_id, [600 x i32]* nocapture %example_3_id, [650 x double]* nocapture %example_0_value, [650 x double]* nocapture %example_1_value, [600 x double]* nocapture %example_2_value, [600 x double]* nocapture %example_3_value, i6 %j, i6 %i_1) readonly

ST_7: temp1 [1/1] 6.50ns
:6  %temp1 = fptrunc double %tmp_1 to float


 <State 8>: 7.26ns
ST_8: tmp_4 [5/5] 7.26ns
:7  %tmp_4 = fadd float %temp1, 1.000000e+00


 <State 9>: 7.26ns
ST_9: tmp_4 [4/5] 7.26ns
:7  %tmp_4 = fadd float %temp1, 1.000000e+00


 <State 10>: 7.26ns
ST_10: tmp_4 [3/5] 7.26ns
:7  %tmp_4 = fadd float %temp1, 1.000000e+00


 <State 11>: 7.26ns
ST_11: tmp_4 [2/5] 7.26ns
:7  %tmp_4 = fadd float %temp1, 1.000000e+00


 <State 12>: 7.26ns
ST_12: tmp_4 [1/5] 7.26ns
:7  %tmp_4 = fadd float %temp1, 1.000000e+00


 <State 13>: 5.55ns
ST_13: tmp_5 [1/1] 5.55ns
:8  %tmp_5 = fpext float %tmp_4 to double


 <State 14>: 7.39ns
ST_14: tmp_6 [31/31] 7.39ns
:9  %tmp_6 = call double @llvm.log.f64(double %tmp_5)


 <State 15>: 7.39ns
ST_15: tmp_6 [30/31] 7.39ns
:9  %tmp_6 = call double @llvm.log.f64(double %tmp_5)


 <State 16>: 7.39ns
ST_16: tmp_6 [29/31] 7.39ns
:9  %tmp_6 = call double @llvm.log.f64(double %tmp_5)


 <State 17>: 7.39ns
ST_17: tmp_6 [28/31] 7.39ns
:9  %tmp_6 = call double @llvm.log.f64(double %tmp_5)


 <State 18>: 7.39ns
ST_18: tmp_6 [27/31] 7.39ns
:9  %tmp_6 = call double @llvm.log.f64(double %tmp_5)


 <State 19>: 7.39ns
ST_19: tmp_6 [26/31] 7.39ns
:9  %tmp_6 = call double @llvm.log.f64(double %tmp_5)


 <State 20>: 7.39ns
ST_20: tmp_6 [25/31] 7.39ns
:9  %tmp_6 = call double @llvm.log.f64(double %tmp_5)


 <State 21>: 7.39ns
ST_21: tmp_6 [24/31] 7.39ns
:9  %tmp_6 = call double @llvm.log.f64(double %tmp_5)


 <State 22>: 7.39ns
ST_22: tmp_6 [23/31] 7.39ns
:9  %tmp_6 = call double @llvm.log.f64(double %tmp_5)


 <State 23>: 7.39ns
ST_23: tmp_6 [22/31] 7.39ns
:9  %tmp_6 = call double @llvm.log.f64(double %tmp_5)


 <State 24>: 7.39ns
ST_24: tmp_6 [21/31] 7.39ns
:9  %tmp_6 = call double @llvm.log.f64(double %tmp_5)


 <State 25>: 7.39ns
ST_25: tmp_6 [20/31] 7.39ns
:9  %tmp_6 = call double @llvm.log.f64(double %tmp_5)


 <State 26>: 7.39ns
ST_26: tmp_6 [19/31] 7.39ns
:9  %tmp_6 = call double @llvm.log.f64(double %tmp_5)


 <State 27>: 7.39ns
ST_27: tmp_6 [18/31] 7.39ns
:9  %tmp_6 = call double @llvm.log.f64(double %tmp_5)


 <State 28>: 7.39ns
ST_28: tmp_6 [17/31] 7.39ns
:9  %tmp_6 = call double @llvm.log.f64(double %tmp_5)


 <State 29>: 7.39ns
ST_29: tmp_6 [16/31] 7.39ns
:9  %tmp_6 = call double @llvm.log.f64(double %tmp_5)


 <State 30>: 7.39ns
ST_30: tmp_6 [15/31] 7.39ns
:9  %tmp_6 = call double @llvm.log.f64(double %tmp_5)


 <State 31>: 7.39ns
ST_31: tmp_6 [14/31] 7.39ns
:9  %tmp_6 = call double @llvm.log.f64(double %tmp_5)


 <State 32>: 7.39ns
ST_32: tmp_6 [13/31] 7.39ns
:9  %tmp_6 = call double @llvm.log.f64(double %tmp_5)


 <State 33>: 7.39ns
ST_33: tmp_6 [12/31] 7.39ns
:9  %tmp_6 = call double @llvm.log.f64(double %tmp_5)


 <State 34>: 7.39ns
ST_34: tmp_6 [11/31] 7.39ns
:9  %tmp_6 = call double @llvm.log.f64(double %tmp_5)


 <State 35>: 7.39ns
ST_35: tmp_6 [10/31] 7.39ns
:9  %tmp_6 = call double @llvm.log.f64(double %tmp_5)


 <State 36>: 7.39ns
ST_36: tmp_6 [9/31] 7.39ns
:9  %tmp_6 = call double @llvm.log.f64(double %tmp_5)


 <State 37>: 7.39ns
ST_37: tmp_6 [8/31] 7.39ns
:9  %tmp_6 = call double @llvm.log.f64(double %tmp_5)


 <State 38>: 7.39ns
ST_38: tmp_6 [7/31] 7.39ns
:9  %tmp_6 = call double @llvm.log.f64(double %tmp_5)


 <State 39>: 7.39ns
ST_39: tmp_6 [6/31] 7.39ns
:9  %tmp_6 = call double @llvm.log.f64(double %tmp_5)


 <State 40>: 7.39ns
ST_40: tmp_6 [5/31] 7.39ns
:9  %tmp_6 = call double @llvm.log.f64(double %tmp_5)


 <State 41>: 7.39ns
ST_41: tmp_6 [4/31] 7.39ns
:9  %tmp_6 = call double @llvm.log.f64(double %tmp_5)


 <State 42>: 7.39ns
ST_42: tmp_6 [3/31] 7.39ns
:9  %tmp_6 = call double @llvm.log.f64(double %tmp_5)


 <State 43>: 7.39ns
ST_43: tmp_6 [2/31] 7.39ns
:9  %tmp_6 = call double @llvm.log.f64(double %tmp_5)


 <State 44>: 7.39ns
ST_44: tmp_6 [1/31] 7.39ns
:9  %tmp_6 = call double @llvm.log.f64(double %tmp_5)


 <State 45>: 6.50ns
ST_45: temp2 [1/1] 6.50ns
:10  %temp2 = fptrunc double %tmp_6 to float


 <State 46>: 5.70ns
ST_46: tmp_7 [4/4] 5.70ns
:11  %tmp_7 = fmul float %temp2, 2.000000e+00


 <State 47>: 5.70ns
ST_47: tmp_7 [3/4] 5.70ns
:11  %tmp_7 = fmul float %temp2, 2.000000e+00


 <State 48>: 5.70ns
ST_48: tmp_7 [2/4] 5.70ns
:11  %tmp_7 = fmul float %temp2, 2.000000e+00


 <State 49>: 5.70ns
ST_49: tmp_7 [1/4] 5.70ns
:11  %tmp_7 = fmul float %temp2, 2.000000e+00


 <State 50>: 5.55ns
ST_50: tmp_8 [1/1] 5.55ns
:12  %tmp_8 = fpext float %tmp_7 to double


 <State 51>: 7.32ns
ST_51: tmp_9 [18/18] 7.32ns
:13  %tmp_9 = call double @llvm.exp.f64(double %tmp_8)


 <State 52>: 7.32ns
ST_52: tmp_9 [17/18] 7.32ns
:13  %tmp_9 = call double @llvm.exp.f64(double %tmp_8)


 <State 53>: 7.32ns
ST_53: tmp_9 [16/18] 7.32ns
:13  %tmp_9 = call double @llvm.exp.f64(double %tmp_8)


 <State 54>: 7.32ns
ST_54: tmp_9 [15/18] 7.32ns
:13  %tmp_9 = call double @llvm.exp.f64(double %tmp_8)


 <State 55>: 7.32ns
ST_55: tmp_9 [14/18] 7.32ns
:13  %tmp_9 = call double @llvm.exp.f64(double %tmp_8)


 <State 56>: 7.32ns
ST_56: tmp_9 [13/18] 7.32ns
:13  %tmp_9 = call double @llvm.exp.f64(double %tmp_8)


 <State 57>: 7.32ns
ST_57: tmp_9 [12/18] 7.32ns
:13  %tmp_9 = call double @llvm.exp.f64(double %tmp_8)


 <State 58>: 7.32ns
ST_58: tmp_9 [11/18] 7.32ns
:13  %tmp_9 = call double @llvm.exp.f64(double %tmp_8)


 <State 59>: 7.32ns
ST_59: tmp_9 [10/18] 7.32ns
:13  %tmp_9 = call double @llvm.exp.f64(double %tmp_8)


 <State 60>: 7.32ns
ST_60: tmp_9 [9/18] 7.32ns
:13  %tmp_9 = call double @llvm.exp.f64(double %tmp_8)


 <State 61>: 7.32ns
ST_61: tmp_9 [8/18] 7.32ns
:13  %tmp_9 = call double @llvm.exp.f64(double %tmp_8)


 <State 62>: 7.32ns
ST_62: tmp_9 [7/18] 7.32ns
:13  %tmp_9 = call double @llvm.exp.f64(double %tmp_8)


 <State 63>: 7.32ns
ST_63: tmp_9 [6/18] 7.32ns
:13  %tmp_9 = call double @llvm.exp.f64(double %tmp_8)


 <State 64>: 7.32ns
ST_64: tmp_9 [5/18] 7.32ns
:13  %tmp_9 = call double @llvm.exp.f64(double %tmp_8)


 <State 65>: 7.32ns
ST_65: tmp_9 [4/18] 7.32ns
:13  %tmp_9 = call double @llvm.exp.f64(double %tmp_8)


 <State 66>: 7.32ns
ST_66: tmp_9 [3/18] 7.32ns
:13  %tmp_9 = call double @llvm.exp.f64(double %tmp_8)


 <State 67>: 7.32ns
ST_67: tmp_9 [2/18] 7.32ns
:13  %tmp_9 = call double @llvm.exp.f64(double %tmp_8)


 <State 68>: 7.32ns
ST_68: tmp_9 [1/18] 7.32ns
:13  %tmp_9 = call double @llvm.exp.f64(double %tmp_8)


 <State 69>: 6.50ns
ST_69: temp2_1 [1/1] 6.50ns
:14  %temp2_1 = fptrunc double %tmp_9 to float

ST_69: lambda_addr [1/1] 0.00ns
:15  %lambda_addr = getelementptr [37 x double]* %lambda, i64 0, i64 %tmp_2

ST_69: lambda_load [2/2] 2.39ns
:16  %lambda_load = load double* %lambda_addr, align 8


 <State 70>: 5.55ns
ST_70: lambda_load [1/2] 2.39ns
:16  %lambda_load = load double* %lambda_addr, align 8

ST_70: tmp_10 [1/1] 5.55ns
:17  %tmp_10 = fpext float %temp2_1 to double


 <State 71>: 7.79ns
ST_71: tmp_11 [6/6] 7.79ns
:18  %tmp_11 = fmul double %lambda_load, %tmp_10


 <State 72>: 7.79ns
ST_72: tmp_11 [5/6] 7.79ns
:18  %tmp_11 = fmul double %lambda_load, %tmp_10


 <State 73>: 7.79ns
ST_73: tmp_11 [4/6] 7.79ns
:18  %tmp_11 = fmul double %lambda_load, %tmp_10


 <State 74>: 7.79ns
ST_74: tmp_11 [3/6] 7.79ns
:18  %tmp_11 = fmul double %lambda_load, %tmp_10


 <State 75>: 7.79ns
ST_75: tmp_11 [2/6] 7.79ns
:18  %tmp_11 = fmul double %lambda_load, %tmp_10

ST_75: output_load [2/2] 2.39ns
:19  %output_load = load double* %output_addr_1, align 8


 <State 76>: 7.79ns
ST_76: tmp_11 [1/6] 7.79ns
:18  %tmp_11 = fmul double %lambda_load, %tmp_10

ST_76: output_load [1/2] 2.39ns
:19  %output_load = load double* %output_addr_1, align 8


 <State 77>: 8.23ns
ST_77: tmp_12 [5/5] 8.23ns
:20  %tmp_12 = fadd double %output_load, %tmp_11


 <State 78>: 8.23ns
ST_78: tmp_12 [4/5] 8.23ns
:20  %tmp_12 = fadd double %output_load, %tmp_11


 <State 79>: 8.23ns
ST_79: tmp_12 [3/5] 8.23ns
:20  %tmp_12 = fadd double %output_load, %tmp_11


 <State 80>: 8.23ns
ST_80: tmp_12 [2/5] 8.23ns
:20  %tmp_12 = fadd double %output_load, %tmp_11


 <State 81>: 8.23ns
ST_81: tmp_12 [1/5] 8.23ns
:20  %tmp_12 = fadd double %output_load, %tmp_11


 <State 82>: 2.39ns
ST_82: stg_221 [1/1] 0.00ns
:0  call void (...)* @_ssdm_op_SpecLoopName([20 x i8]* @p_str721) nounwind

ST_82: stg_222 [1/1] 2.39ns
:21  store double %tmp_12, double* %output_addr_1, align 8

ST_82: stg_223 [1/1] 0.00ns
:23  br label %4



============================================================
+ Verbose Summary: Binding
============================================================
STG Binding: 
---------------- STG Properties BEGIN ----------------
- Is combinational: 0
- Is one-state seq: 0
- Is datapath-only: 0
- Is clock enabled: 0
- Is pipelined: 0
- Is top level: 0
Port [ Return ] is wired: 1; IO mode=ap_ctrl_hs:ce=0
Port [ example_0_id]:  wired=1; compound=1; hidden=0; nouse=0; global=0; static=0; extern=0; dir=0; type=1; mode=0x8e421b0; pingpong=0; private_global=0; MemPort=[1]; IO mode=ap_memory:ce=0
Port [ example_1_id]:  wired=1; compound=1; hidden=0; nouse=0; global=0; static=0; extern=0; dir=0; type=1; mode=0x8e42240; pingpong=0; private_global=0; MemPort=[1]; IO mode=ap_memory:ce=0
Port [ example_2_id]:  wired=1; compound=1; hidden=0; nouse=0; global=0; static=0; extern=0; dir=0; type=1; mode=0x8e422d0; pingpong=0; private_global=0; MemPort=[1]; IO mode=ap_memory:ce=0
Port [ example_3_id]:  wired=1; compound=1; hidden=0; nouse=0; global=0; static=0; extern=0; dir=0; type=1; mode=0x8e42360; pingpong=0; private_global=0; MemPort=[1]; IO mode=ap_memory:ce=0
Port [ example_0_value]:  wired=1; compound=1; hidden=0; nouse=0; global=0; static=0; extern=0; dir=0; type=1; mode=0x8e423f0; pingpong=0; private_global=0; MemPort=[1]; IO mode=ap_memory:ce=0
Port [ example_1_value]:  wired=1; compound=1; hidden=0; nouse=0; global=0; static=0; extern=0; dir=0; type=1; mode=0x8e42480; pingpong=0; private_global=0; MemPort=[1]; IO mode=ap_memory:ce=0
Port [ example_2_value]:  wired=1; compound=1; hidden=0; nouse=0; global=0; static=0; extern=0; dir=0; type=1; mode=0x8e42510; pingpong=0; private_global=0; MemPort=[1]; IO mode=ap_memory:ce=0
Port [ example_3_value]:  wired=1; compound=1; hidden=0; nouse=0; global=0; static=0; extern=0; dir=0; type=1; mode=0x8e425a0; pingpong=0; private_global=0; MemPort=[1]; IO mode=ap_memory:ce=0
Port [ sv_0_id]:  wired=1; compound=1; hidden=0; nouse=0; global=0; static=0; extern=0; dir=0; type=1; mode=0x8e42630; pingpong=0; private_global=0; MemPort=[1]; IO mode=ap_memory:ce=0
Port [ sv_1_id]:  wired=1; compound=1; hidden=0; nouse=0; global=0; static=0; extern=0; dir=0; type=1; mode=0x8e426c0; pingpong=0; private_global=0; MemPort=[1]; IO mode=ap_memory:ce=0
Port [ sv_2_id]:  wired=1; compound=1; hidden=0; nouse=0; global=0; static=0; extern=0; dir=0; type=1; mode=0x8e42750; pingpong=0; private_global=0; MemPort=[1]; IO mode=ap_memory:ce=0
Port [ sv_3_id]:  wired=1; compound=1; hidden=0; nouse=0; global=0; static=0; extern=0; dir=0; type=1; mode=0x8e427e0; pingpong=0; private_global=0; MemPort=[1]; IO mode=ap_memory:ce=0
Port [ sv_0_value]:  wired=1; compound=1; hidden=0; nouse=0; global=0; static=0; extern=0; dir=0; type=1; mode=0x8e42870; pingpong=0; private_global=0; MemPort=[1]; IO mode=ap_memory:ce=0
Port [ sv_1_value]:  wired=1; compound=1; hidden=0; nouse=0; global=0; static=0; extern=0; dir=0; type=1; mode=0x8e42900; pingpong=0; private_global=0; MemPort=[1]; IO mode=ap_memory:ce=0
Port [ sv_2_value]:  wired=1; compound=1; hidden=0; nouse=0; global=0; static=0; extern=0; dir=0; type=1; mode=0x8e42990; pingpong=0; private_global=0; MemPort=[1]; IO mode=ap_memory:ce=0
Port [ sv_3_value]:  wired=1; compound=1; hidden=0; nouse=0; global=0; static=0; extern=0; dir=0; type=1; mode=0x8e42a20; pingpong=0; private_global=0; MemPort=[1]; IO mode=ap_memory:ce=0
Port [ lambda]:  wired=1; compound=1; hidden=0; nouse=0; global=0; static=0; extern=0; dir=0; type=1; mode=0x8e42ab0; pingpong=0; private_global=0; MemPort=[1]; IO mode=ap_memory:ce=0
Port [ svNonZeroFeature]:  wired=1; compound=1; hidden=0; nouse=0; global=0; static=0; extern=0; dir=0; type=1; mode=0x8e42b40; pingpong=0; private_global=0; MemPort=[1]; IO mode=ap_memory:ce=0
Port [ nonZeroFeature]:  wired=1; compound=1; hidden=0; nouse=0; global=0; static=0; extern=0; dir=0; type=1; mode=0x8e42bd0; pingpong=0; private_global=0; MemPort=[1]; IO mode=ap_memory:ce=0
Port [ output_r]:  wired=1; compound=1; hidden=0; nouse=0; global=0; static=0; extern=0; dir=2; type=1; mode=0x8e42c60; pingpong=0; private_global=0; MemPort=[2]; IO mode=ap_memory:ce=0
---------------- STG Properties END ------------------

---------------- Datapath Model BEGIN ----------------

<LifeTime>
<method=bitvector/>
empty                 (specmemcore      ) [ 00000000000000000000000000000000000000000000000000000000000000000000000000000000000]
empty_44              (specmemcore      ) [ 00000000000000000000000000000000000000000000000000000000000000000000000000000000000]
empty_45              (specmemcore      ) [ 00000000000000000000000000000000000000000000000000000000000000000000000000000000000]
empty_46              (specmemcore      ) [ 00000000000000000000000000000000000000000000000000000000000000000000000000000000000]
empty_47              (specmemcore      ) [ 00000000000000000000000000000000000000000000000000000000000000000000000000000000000]
empty_48              (specmemcore      ) [ 00000000000000000000000000000000000000000000000000000000000000000000000000000000000]
empty_49              (specmemcore      ) [ 00000000000000000000000000000000000000000000000000000000000000000000000000000000000]
empty_50              (specmemcore      ) [ 00000000000000000000000000000000000000000000000000000000000000000000000000000000000]
empty_51              (specmemcore      ) [ 00000000000000000000000000000000000000000000000000000000000000000000000000000000000]
empty_52              (specmemcore      ) [ 00000000000000000000000000000000000000000000000000000000000000000000000000000000000]
empty_53              (specmemcore      ) [ 00000000000000000000000000000000000000000000000000000000000000000000000000000000000]
empty_54              (specmemcore      ) [ 00000000000000000000000000000000000000000000000000000000000000000000000000000000000]
empty_55              (specmemcore      ) [ 00000000000000000000000000000000000000000000000000000000000000000000000000000000000]
empty_56              (specmemcore      ) [ 00000000000000000000000000000000000000000000000000000000000000000000000000000000000]
empty_57              (specmemcore      ) [ 00000000000000000000000000000000000000000000000000000000000000000000000000000000000]
empty_58              (specmemcore      ) [ 00000000000000000000000000000000000000000000000000000000000000000000000000000000000]
empty_59              (specmemcore      ) [ 00000000000000000000000000000000000000000000000000000000000000000000000000000000000]
empty_60              (specmemcore      ) [ 00000000000000000000000000000000000000000000000000000000000000000000000000000000000]
empty_61              (specmemcore      ) [ 00000000000000000000000000000000000000000000000000000000000000000000000000000000000]
empty_62              (specmemcore      ) [ 00000000000000000000000000000000000000000000000000000000000000000000000000000000000]
stg_103               (br               ) [ 01100000000000000000000000000000000000000000000000000000000000000000000000000000000]
i                     (phi              ) [ 00100000000000000000000000000000000000000000000000000000000000000000000000000000000]
exitcond2             (icmp             ) [ 00100000000000000000000000000000000000000000000000000000000000000000000000000000000]
stg_106               (speclooptripcount) [ 00000000000000000000000000000000000000000000000000000000000000000000000000000000000]
stg_107               (br               ) [ 00111111111111111111111111111111111111111111111111111111111111111111111111111111111]
stg_108               (specloopname     ) [ 00000000000000000000000000000000000000000000000000000000000000000000000000000000000]
tmp                   (zext             ) [ 00000000000000000000000000000000000000000000000000000000000000000000000000000000000]
output_addr           (getelementptr    ) [ 00000000000000000000000000000000000000000000000000000000000000000000000000000000000]
stg_111               (store            ) [ 00000000000000000000000000000000000000000000000000000000000000000000000000000000000]
i_2                   (add              ) [ 01100000000000000000000000000000000000000000000000000000000000000000000000000000000]
stg_113               (br               ) [ 01100000000000000000000000000000000000000000000000000000000000000000000000000000000]
i_1                   (phi              ) [ 00011111111111111111111111111111111111111111111111111111111111111111111111111111111]
exitcond1             (icmp             ) [ 00011111111111111111111111111111111111111111111111111111111111111111111111111111111]
stg_116               (speclooptripcount) [ 00000000000000000000000000000000000000000000000000000000000000000000000000000000000]
stg_117               (br               ) [ 00000000000000000000000000000000000000000000000000000000000000000000000000000000000]
stg_118               (specloopname     ) [ 00000000000000000000000000000000000000000000000000000000000000000000000000000000000]
tmp_3                 (specregionbegin  ) [ 00001111111111111111111111111111111111111111111111111111111111111111111111111111111]
tmp_s                 (zext             ) [ 00000000000000000000000000000000000000000000000000000000000000000000000000000000000]
nonZeroFeature_addr   (getelementptr    ) [ 00001111111111111111111111111111111111111111111111111111111111111111111111111111111]
output_addr_1         (getelementptr    ) [ 00001111111111111111111111111111111111111111111111111111111111111111111111111111111]
stg_123               (br               ) [ 00011111111111111111111111111111111111111111111111111111111111111111111111111111111]
stg_124               (ret              ) [ 00000000000000000000000000000000000000000000000000000000000000000000000000000000000]
j                     (phi              ) [ 00001111000000000000000000000000000000000000000000000000000000000000000000000000000]
exitcond              (icmp             ) [ 00011111111111111111111111111111111111111111111111111111111111111111111111111111111]
stg_127               (speclooptripcount) [ 00000000000000000000000000000000000000000000000000000000000000000000000000000000000]
stg_128               (br               ) [ 00000000000000000000000000000000000000000000000000000000000000000000000000000000000]
tmp_2                 (zext             ) [ 00000111111111111111111111111111111111111111111111111111111111111111110000000000000]
svNonZeroFeature_addr (getelementptr    ) [ 00000100000000000000000000000000000000000000000000000000000000000000000000000000000]
empty_63              (specregionend    ) [ 00000000000000000000000000000000000000000000000000000000000000000000000000000000000]
i_3                   (add              ) [ 00111111111111111111111111111111111111111111111111111111111111111111111111111111111]
stg_135               (br               ) [ 00111111111111111111111111111111111111111111111111111111111111111111111111111111111]
svNonZeroFeature_load (load             ) [ 00000011000000000000000000000000000000000000000000000000000000000000000000000000000]
nonZeroFeature_load   (load             ) [ 00000011000000000000000000000000000000000000000000000000000000000000000000000000000]
j_1                   (add              ) [ 00011001111111111111111111111111111111111111111111111111111111111111111111111111111]
tmp_1                 (call             ) [ 00000000000000000000000000000000000000000000000000000000000000000000000000000000000]
temp1                 (fptrunc          ) [ 00000000111110000000000000000000000000000000000000000000000000000000000000000000000]
tmp_4                 (fadd             ) [ 00000000000001000000000000000000000000000000000000000000000000000000000000000000000]
tmp_5                 (fpext            ) [ 00000000000000111111111111111111111111111111100000000000000000000000000000000000000]
tmp_6                 (dlog             ) [ 00000000000000000000000000000000000000000000010000000000000000000000000000000000000]
temp2                 (fptrunc          ) [ 00000000000000000000000000000000000000000000001111000000000000000000000000000000000]
tmp_7                 (fmul             ) [ 00000000000000000000000000000000000000000000000000100000000000000000000000000000000]
tmp_8                 (fpext            ) [ 00000000000000000000000000000000000000000000000000011111111111111111100000000000000]
tmp_9                 (dexp             ) [ 00000000000000000000000000000000000000000000000000000000000000000000010000000000000]
temp2_1               (fptrunc          ) [ 00000000000000000000000000000000000000000000000000000000000000000000001000000000000]
lambda_addr           (getelementptr    ) [ 00000000000000000000000000000000000000000000000000000000000000000000001000000000000]
lambda_load           (load             ) [ 00000000000000000000000000000000000000000000000000000000000000000000000111111000000]
tmp_10                (fpext            ) [ 00000000000000000000000000000000000000000000000000000000000000000000000111111000000]
tmp_11                (dmul             ) [ 00000000000000000000000000000000000000000000000000000000000000000000000000000111110]
output_load           (load             ) [ 00000000000000000000000000000000000000000000000000000000000000000000000000000111110]
tmp_12                (dadd             ) [ 00000000000000000000000000000000000000000000000000000000000000000000000000000000001]
stg_221               (specloopname     ) [ 00000000000000000000000000000000000000000000000000000000000000000000000000000000000]
stg_222               (store            ) [ 00000000000000000000000000000000000000000000000000000000000000000000000000000000000]
stg_223               (br               ) [ 00011111111111111111111111111111111111111111111111111111111111111111111111111111111]
</LifeTime>

<model>

<comp_list>
<comp id="0" class="1000" name="example_0_id">
<pin_list>
<pin id="1" dir="1" index="0" bw="1" slack="0"/>
</pin_list>
<bind>
<StgValue><ssdm name="example_0_id"/><MemPortTyVec>1 </MemPortTyVec>
</StgValue>
</bind>
</comp>

<comp id="2" class="1000" name="example_1_id">
<pin_list>
<pin id="3" dir="1" index="0" bw="1" slack="0"/>
</pin_list>
<bind>
<StgValue><ssdm name="example_1_id"/><MemPortTyVec>1 </MemPortTyVec>
</StgValue>
</bind>
</comp>

<comp id="4" class="1000" name="example_2_id">
<pin_list>
<pin id="5" dir="1" index="0" bw="1" slack="0"/>
</pin_list>
<bind>
<StgValue><ssdm name="example_2_id"/><MemPortTyVec>1 </MemPortTyVec>
</StgValue>
</bind>
</comp>

<comp id="6" class="1000" name="example_3_id">
<pin_list>
<pin id="7" dir="1" index="0" bw="1" slack="0"/>
</pin_list>
<bind>
<StgValue><ssdm name="example_3_id"/><MemPortTyVec>1 </MemPortTyVec>
</StgValue>
</bind>
</comp>

<comp id="8" class="1000" name="example_0_value">
<pin_list>
<pin id="9" dir="1" index="0" bw="1" slack="0"/>
</pin_list>
<bind>
<StgValue><ssdm name="example_0_value"/><MemPortTyVec>1 </MemPortTyVec>
</StgValue>
</bind>
</comp>

<comp id="10" class="1000" name="example_1_value">
<pin_list>
<pin id="11" dir="1" index="0" bw="1" slack="0"/>
</pin_list>
<bind>
<StgValue><ssdm name="example_1_value"/><MemPortTyVec>1 </MemPortTyVec>
</StgValue>
</bind>
</comp>

<comp id="12" class="1000" name="example_2_value">
<pin_list>
<pin id="13" dir="1" index="0" bw="1" slack="0"/>
</pin_list>
<bind>
<StgValue><ssdm name="example_2_value"/><MemPortTyVec>1 </MemPortTyVec>
</StgValue>
</bind>
</comp>

<comp id="14" class="1000" name="example_3_value">
<pin_list>
<pin id="15" dir="1" index="0" bw="1" slack="0"/>
</pin_list>
<bind>
<StgValue><ssdm name="example_3_value"/><MemPortTyVec>1 </MemPortTyVec>
</StgValue>
</bind>
</comp>

<comp id="16" class="1000" name="sv_0_id">
<pin_list>
<pin id="17" dir="1" index="0" bw="1" slack="0"/>
</pin_list>
<bind>
<StgValue><ssdm name="sv_0_id"/><MemPortTyVec>1 </MemPortTyVec>
</StgValue>
</bind>
</comp>

<comp id="18" class="1000" name="sv_1_id">
<pin_list>
<pin id="19" dir="1" index="0" bw="1" slack="0"/>
</pin_list>
<bind>
<StgValue><ssdm name="sv_1_id"/><MemPortTyVec>1 </MemPortTyVec>
</StgValue>
</bind>
</comp>

<comp id="20" class="1000" name="sv_2_id">
<pin_list>
<pin id="21" dir="1" index="0" bw="1" slack="0"/>
</pin_list>
<bind>
<StgValue><ssdm name="sv_2_id"/><MemPortTyVec>1 </MemPortTyVec>
</StgValue>
</bind>
</comp>

<comp id="22" class="1000" name="sv_3_id">
<pin_list>
<pin id="23" dir="1" index="0" bw="1" slack="0"/>
</pin_list>
<bind>
<StgValue><ssdm name="sv_3_id"/><MemPortTyVec>1 </MemPortTyVec>
</StgValue>
</bind>
</comp>

<comp id="24" class="1000" name="sv_0_value">
<pin_list>
<pin id="25" dir="1" index="0" bw="1" slack="0"/>
</pin_list>
<bind>
<StgValue><ssdm name="sv_0_value"/><MemPortTyVec>1 </MemPortTyVec>
</StgValue>
</bind>
</comp>

<comp id="26" class="1000" name="sv_1_value">
<pin_list>
<pin id="27" dir="1" index="0" bw="1" slack="0"/>
</pin_list>
<bind>
<StgValue><ssdm name="sv_1_value"/><MemPortTyVec>1 </MemPortTyVec>
</StgValue>
</bind>
</comp>

<comp id="28" class="1000" name="sv_2_value">
<pin_list>
<pin id="29" dir="1" index="0" bw="1" slack="0"/>
</pin_list>
<bind>
<StgValue><ssdm name="sv_2_value"/><MemPortTyVec>1 </MemPortTyVec>
</StgValue>
</bind>
</comp>

<comp id="30" class="1000" name="sv_3_value">
<pin_list>
<pin id="31" dir="1" index="0" bw="1" slack="0"/>
</pin_list>
<bind>
<StgValue><ssdm name="sv_3_value"/><MemPortTyVec>1 </MemPortTyVec>
</StgValue>
</bind>
</comp>

<comp id="32" class="1000" name="lambda">
<pin_list>
<pin id="33" dir="1" index="0" bw="1" slack="0"/>
</pin_list>
<bind>
<StgValue><ssdm name="lambda"/><MemPortTyVec>1 </MemPortTyVec>
</StgValue>
</bind>
</comp>

<comp id="34" class="1000" name="svNonZeroFeature">
<pin_list>
<pin id="35" dir="1" index="0" bw="1" slack="0"/>
</pin_list>
<bind>
<StgValue><ssdm name="svNonZeroFeature"/><MemPortTyVec>1 </MemPortTyVec>
</StgValue>
</bind>
</comp>

<comp id="36" class="1000" name="nonZeroFeature">
<pin_list>
<pin id="37" dir="1" index="0" bw="1" slack="0"/>
</pin_list>
<bind>
<StgValue><ssdm name="nonZeroFeature"/><MemPortTyVec>1 </MemPortTyVec>
</StgValue>
</bind>
</comp>

<comp id="38" class="1000" name="output_r">
<pin_list>
<pin id="39" dir="1" index="0" bw="1" slack="0"/>
</pin_list>
<bind>
<StgValue><ssdm name="output_r"/><MemPortTyVec>2 </MemPortTyVec>
</StgValue>
</bind>
</comp>

<comp id="40" class="1001" name="const_40">
<pin_list>
<pin id="41" dir="1" index="0" bw="1" slack="2147483647"/>
</pin_list>
<bind>
<StgValue><ssdm name="_ssdm_op_SpecMemCore"/></StgValue>
</bind>
</comp>

<comp id="42" class="1001" name="const_42">
<pin_list>
<pin id="43" dir="1" index="0" bw="1" slack="2147483647"/>
</pin_list>
<bind>
<StgValue><ssdm name="str48"/></StgValue>
</bind>
</comp>

<comp id="44" class="1001" name="const_44">
<pin_list>
<pin id="45" dir="1" index="0" bw="1" slack="2147483647"/>
</pin_list>
<bind>
<StgValue><ssdm name="str47"/></StgValue>
</bind>
</comp>

<comp id="46" class="1001" name="const_46">
<pin_list>
<pin id="47" dir="1" index="0" bw="1" slack="2147483647"/>
</pin_list>
<bind>
<StgValue><ssdm name=""/></StgValue>
</bind>
</comp>

<comp id="48" class="1001" name="const_48">
<pin_list>
<pin id="49" dir="1" index="0" bw="1" slack="2147483647"/>
</pin_list>
<bind>
<StgValue><ssdm name="str44"/></StgValue>
</bind>
</comp>

<comp id="50" class="1001" name="const_50">
<pin_list>
<pin id="51" dir="1" index="0" bw="1" slack="2147483647"/>
</pin_list>
<bind>
<StgValue><ssdm name="str43"/></StgValue>
</bind>
</comp>

<comp id="52" class="1001" name="const_52">
<pin_list>
<pin id="53" dir="1" index="0" bw="1" slack="2147483647"/>
</pin_list>
<bind>
<StgValue><ssdm name="str42"/></StgValue>
</bind>
</comp>

<comp id="54" class="1001" name="const_54">
<pin_list>
<pin id="55" dir="1" index="0" bw="1" slack="2147483647"/>
</pin_list>
<bind>
<StgValue><ssdm name="str41"/></StgValue>
</bind>
</comp>

<comp id="56" class="1001" name="const_56">
<pin_list>
<pin id="57" dir="1" index="0" bw="1" slack="2147483647"/>
</pin_list>
<bind>
<StgValue><ssdm name="str40"/></StgValue>
</bind>
</comp>

<comp id="58" class="1001" name="const_58">
<pin_list>
<pin id="59" dir="1" index="0" bw="1" slack="2147483647"/>
</pin_list>
<bind>
<StgValue><ssdm name="str39"/></StgValue>
</bind>
</comp>

<comp id="60" class="1001" name="const_60">
<pin_list>
<pin id="61" dir="1" index="0" bw="1" slack="2147483647"/>
</pin_list>
<bind>
<StgValue><ssdm name="str38"/></StgValue>
</bind>
</comp>

<comp id="62" class="1001" name="const_62">
<pin_list>
<pin id="63" dir="1" index="0" bw="1" slack="2147483647"/>
</pin_list>
<bind>
<StgValue><ssdm name="str37"/></StgValue>
</bind>
</comp>

<comp id="64" class="1001" name="const_64">
<pin_list>
<pin id="65" dir="1" index="0" bw="1" slack="2147483647"/>
</pin_list>
<bind>
<StgValue><ssdm name="str36"/></StgValue>
</bind>
</comp>

<comp id="66" class="1001" name="const_66">
<pin_list>
<pin id="67" dir="1" index="0" bw="1" slack="2147483647"/>
</pin_list>
<bind>
<StgValue><ssdm name="str35"/></StgValue>
</bind>
</comp>

<comp id="68" class="1001" name="const_68">
<pin_list>
<pin id="69" dir="1" index="0" bw="1" slack="2147483647"/>
</pin_list>
<bind>
<StgValue><ssdm name="str34"/></StgValue>
</bind>
</comp>

<comp id="70" class="1001" name="const_70">
<pin_list>
<pin id="71" dir="1" index="0" bw="1" slack="2147483647"/>
</pin_list>
<bind>
<StgValue><ssdm name="str33"/></StgValue>
</bind>
</comp>

<comp id="72" class="1001" name="const_72">
<pin_list>
<pin id="73" dir="1" index="0" bw="1" slack="2147483647"/>
</pin_list>
<bind>
<StgValue><ssdm name="str32"/></StgValue>
</bind>
</comp>

<comp id="74" class="1001" name="const_74">
<pin_list>
<pin id="75" dir="1" index="0" bw="1" slack="2147483647"/>
</pin_list>
<bind>
<StgValue><ssdm name="str31"/></StgValue>
</bind>
</comp>

<comp id="76" class="1001" name="const_76">
<pin_list>
<pin id="77" dir="1" index="0" bw="1" slack="2147483647"/>
</pin_list>
<bind>
<StgValue><ssdm name="str30"/></StgValue>
</bind>
</comp>

<comp id="78" class="1001" name="const_78">
<pin_list>
<pin id="79" dir="1" index="0" bw="1" slack="2147483647"/>
</pin_list>
<bind>
<StgValue><ssdm name="str29"/></StgValue>
</bind>
</comp>

<comp id="80" class="1001" name="const_80">
<pin_list>
<pin id="81" dir="1" index="0" bw="1" slack="2147483647"/>
</pin_list>
<bind>
<StgValue><ssdm name="str28"/></StgValue>
</bind>
</comp>

<comp id="82" class="1001" name="const_82">
<pin_list>
<pin id="83" dir="1" index="0" bw="1" slack="2147483647"/>
</pin_list>
<bind>
<StgValue><ssdm name="str27"/></StgValue>
</bind>
</comp>

<comp id="84" class="1001" name="const_84">
<pin_list>
<pin id="85" dir="1" index="0" bw="1" slack="2147483647"/>
</pin_list>
<bind>
<StgValue><ssdm name="str26"/></StgValue>
</bind>
</comp>

<comp id="86" class="1001" name="const_86">
<pin_list>
<pin id="87" dir="1" index="0" bw="1" slack="2147483647"/>
</pin_list>
<bind>
<StgValue><ssdm name="str25"/></StgValue>
</bind>
</comp>

<comp id="88" class="1001" name="const_88">
<pin_list>
<pin id="89" dir="1" index="0" bw="1" slack="2147483647"/>
</pin_list>
<bind>
<StgValue><ssdm name="str24"/></StgValue>
</bind>
</comp>

<comp id="90" class="1001" name="const_90">
<pin_list>
<pin id="91" dir="1" index="0" bw="1" slack="2147483647"/>
</pin_list>
<bind>
<StgValue><ssdm name="str23"/></StgValue>
</bind>
</comp>

<comp id="92" class="1001" name="const_92">
<pin_list>
<pin id="93" dir="1" index="0" bw="1" slack="2147483647"/>
</pin_list>
<bind>
<StgValue><ssdm name="str22"/></StgValue>
</bind>
</comp>

<comp id="94" class="1001" name="const_94">
<pin_list>
<pin id="95" dir="1" index="0" bw="1" slack="2147483647"/>
</pin_list>
<bind>
<StgValue><ssdm name="str21"/></StgValue>
</bind>
</comp>

<comp id="96" class="1001" name="const_96">
<pin_list>
<pin id="97" dir="1" index="0" bw="1" slack="2147483647"/>
</pin_list>
<bind>
<StgValue><ssdm name="str20"/></StgValue>
</bind>
</comp>

<comp id="98" class="1001" name="const_98">
<pin_list>
<pin id="99" dir="1" index="0" bw="1" slack="2147483647"/>
</pin_list>
<bind>
<StgValue><ssdm name="str19"/></StgValue>
</bind>
</comp>

<comp id="100" class="1001" name="const_100">
<pin_list>
<pin id="101" dir="1" index="0" bw="1" slack="2147483647"/>
</pin_list>
<bind>
<StgValue><ssdm name="str18"/></StgValue>
</bind>
</comp>

<comp id="102" class="1001" name="const_102">
<pin_list>
<pin id="103" dir="1" index="0" bw="1" slack="2147483647"/>
</pin_list>
<bind>
<StgValue><ssdm name="str17"/></StgValue>
</bind>
</comp>

<comp id="104" class="1001" name="const_104">
<pin_list>
<pin id="105" dir="1" index="0" bw="1" slack="2147483647"/>
</pin_list>
<bind>
<StgValue><ssdm name="str16"/></StgValue>
</bind>
</comp>

<comp id="106" class="1001" name="const_106">
<pin_list>
<pin id="107" dir="1" index="0" bw="1" slack="2147483647"/>
</pin_list>
<bind>
<StgValue><ssdm name="str15"/></StgValue>
</bind>
</comp>

<comp id="108" class="1001" name="const_108">
<pin_list>
<pin id="109" dir="1" index="0" bw="1" slack="2147483647"/>
</pin_list>
<bind>
<StgValue><ssdm name="str14"/></StgValue>
</bind>
</comp>

<comp id="110" class="1001" name="const_110">
<pin_list>
<pin id="111" dir="1" index="0" bw="1" slack="2147483647"/>
</pin_list>
<bind>
<StgValue><ssdm name="str13"/></StgValue>
</bind>
</comp>

<comp id="112" class="1001" name="const_112">
<pin_list>
<pin id="113" dir="1" index="0" bw="1" slack="2147483647"/>
</pin_list>
<bind>
<StgValue><ssdm name="str12"/></StgValue>
</bind>
</comp>

<comp id="114" class="1001" name="const_114">
<pin_list>
<pin id="115" dir="1" index="0" bw="1" slack="2147483647"/>
</pin_list>
<bind>
<StgValue><ssdm name="str11"/></StgValue>
</bind>
</comp>

<comp id="116" class="1001" name="const_116">
<pin_list>
<pin id="117" dir="1" index="0" bw="1" slack="2147483647"/>
</pin_list>
<bind>
<StgValue><ssdm name="str10"/></StgValue>
</bind>
</comp>

<comp id="118" class="1001" name="const_118">
<pin_list>
<pin id="119" dir="1" index="0" bw="1" slack="2147483647"/>
</pin_list>
<bind>
<StgValue><ssdm name="str9"/></StgValue>
</bind>
</comp>

<comp id="120" class="1001" name="const_120">
<pin_list>
<pin id="121" dir="1" index="0" bw="1" slack="2147483647"/>
</pin_list>
<bind>
<StgValue><ssdm name="str8"/></StgValue>
</bind>
</comp>

<comp id="122" class="1001" name="const_122">
<pin_list>
<pin id="123" dir="1" index="0" bw="1" slack="2147483647"/>
</pin_list>
<bind>
<StgValue><ssdm name="str7"/></StgValue>
</bind>
</comp>

<comp id="124" class="1001" name="const_124">
<pin_list>
<pin id="125" dir="1" index="0" bw="1" slack="0"/>
</pin_list>
<bind>
<StgValue><ssdm name=""/></StgValue>
</bind>
</comp>

<comp id="126" class="1001" name="const_126">
<pin_list>
<pin id="127" dir="1" index="0" bw="1" slack="0"/>
</pin_list>
<bind>
<StgValue><ssdm name=""/></StgValue>
</bind>
</comp>

<comp id="128" class="1001" name="const_128">
<pin_list>
<pin id="129" dir="1" index="0" bw="1" slack="2147483647"/>
</pin_list>
<bind>
<StgValue><ssdm name="_ssdm_op_SpecLoopTripCount"/></StgValue>
</bind>
</comp>

<comp id="130" class="1001" name="const_130">
<pin_list>
<pin id="131" dir="1" index="0" bw="1" slack="2147483647"/>
</pin_list>
<bind>
<StgValue><ssdm name=""/></StgValue>
</bind>
</comp>

<comp id="132" class="1001" name="const_132">
<pin_list>
<pin id="133" dir="1" index="0" bw="1" slack="2147483647"/>
</pin_list>
<bind>
<StgValue><ssdm name="_ssdm_op_SpecLoopName"/></StgValue>
</bind>
</comp>

<comp id="134" class="1001" name="const_134">
<pin_list>
<pin id="135" dir="1" index="0" bw="1" slack="2147483647"/>
</pin_list>
<bind>
<StgValue><ssdm name="p_str519"/></StgValue>
</bind>
</comp>

<comp id="136" class="1001" name="const_136">
<pin_list>
<pin id="137" dir="1" index="0" bw="1" slack="0"/>
</pin_list>
<bind>
<StgValue><ssdm name=""/></StgValue>
</bind>
</comp>

<comp id="138" class="1001" name="const_138">
<pin_list>
<pin id="139" dir="1" index="0" bw="1" slack="0"/>
</pin_list>
<bind>
<StgValue><ssdm name=""/></StgValue>
</bind>
</comp>

<comp id="140" class="1001" name="const_140">
<pin_list>
<pin id="141" dir="1" index="0" bw="1" slack="2147483647"/>
</pin_list>
<bind>
<StgValue><ssdm name="p_str620"/></StgValue>
</bind>
</comp>

<comp id="142" class="1001" name="const_142">
<pin_list>
<pin id="143" dir="1" index="0" bw="1" slack="2147483647"/>
</pin_list>
<bind>
<StgValue><ssdm name="_ssdm_op_SpecRegionBegin"/></StgValue>
</bind>
</comp>

<comp id="144" class="1001" name="const_144">
<pin_list>
<pin id="145" dir="1" index="0" bw="1" slack="0"/>
</pin_list>
<bind>
<StgValue><ssdm name=""/></StgValue>
</bind>
</comp>

<comp id="146" class="1001" name="const_146">
<pin_list>
<pin id="147" dir="1" index="0" bw="1" slack="2147483647"/>
</pin_list>
<bind>
<StgValue><ssdm name=""/></StgValue>
</bind>
</comp>

<comp id="148" class="1001" name="const_148">
<pin_list>
<pin id="149" dir="1" index="0" bw="1" slack="2147483647"/>
</pin_list>
<bind>
<StgValue><ssdm name="_ssdm_op_SpecRegionEnd"/></StgValue>
</bind>
</comp>

<comp id="150" class="1001" name="const_150">
<pin_list>
<pin id="151" dir="1" index="0" bw="1" slack="0"/>
</pin_list>
<bind>
<StgValue><ssdm name="synth_top_dotProduct"/></StgValue>
</bind>
</comp>

<comp id="152" class="1001" name="const_152">
<pin_list>
<pin id="153" dir="1" index="0" bw="1" slack="0"/>
</pin_list>
<bind>
<StgValue><ssdm name=""/></StgValue>
</bind>
</comp>

<comp id="154" class="1001" name="const_154">
<pin_list>
<pin id="155" dir="1" index="0" bw="1" slack="0"/>
</pin_list>
<bind>
<StgValue><ssdm name="llvm.log.f64"/></StgValue>
</bind>
</comp>

<comp id="156" class="1001" name="const_156">
<pin_list>
<pin id="157" dir="1" index="0" bw="1" slack="0"/>
</pin_list>
<bind>
<StgValue><ssdm name=""/></StgValue>
</bind>
</comp>

<comp id="158" class="1001" name="const_158">
<pin_list>
<pin id="159" dir="1" index="0" bw="1" slack="0"/>
</pin_list>
<bind>
<StgValue><ssdm name="llvm.exp.f64"/></StgValue>
</bind>
</comp>

<comp id="160" class="1001" name="const_160">
<pin_list>
<pin id="161" dir="1" index="0" bw="1" slack="2147483647"/>
</pin_list>
<bind>
<StgValue><ssdm name="p_str721"/></StgValue>
</bind>
</comp>

<comp id="162" class="1004" name="output_addr_gep_fu_162">
<pin_list>
<pin id="163" dir="0" index="0" bw="64" slack="0"/>
<pin id="164" dir="0" index="1" bw="1" slack="0"/>
<pin id="165" dir="0" index="2" bw="6" slack="0"/>
<pin id="166" dir="1" index="3" bw="6" slack="0"/>
</pin_list>
<bind>
<opcode="getelementptr(29) " fcode="getelementptr"/>
<opset="output_addr/2 "/>
</bind>
</comp>

<comp id="169" class="1004" name="grp_access_fu_169">
<pin_list>
<pin id="170" dir="0" index="0" bw="6" slack="0"/>
<pin id="171" dir="0" index="1" bw="64" slack="0"/>
<pin id="172" dir="1" index="2" bw="64" slack="1"/>
</pin_list>
<bind>
<opcode="load(27) store(28) " fcode="store"/>
<opset="stg_111/2 output_load/75 stg_222/82 "/>
</bind>
</comp>

<comp id="175" class="1004" name="nonZeroFeature_addr_gep_fu_175">
<pin_list>
<pin id="176" dir="0" index="0" bw="32" slack="0"/>
<pin id="177" dir="0" index="1" bw="1" slack="0"/>
<pin id="178" dir="0" index="2" bw="6" slack="0"/>
<pin id="179" dir="1" index="3" bw="6" slack="1"/>
</pin_list>
<bind>
<opcode="getelementptr(29) " fcode="getelementptr"/>
<opset="nonZeroFeature_addr/3 "/>
</bind>
</comp>

<comp id="182" class="1004" name="output_addr_1_gep_fu_182">
<pin_list>
<pin id="183" dir="0" index="0" bw="64" slack="0"/>
<pin id="184" dir="0" index="1" bw="1" slack="0"/>
<pin id="185" dir="0" index="2" bw="6" slack="0"/>
<pin id="186" dir="1" index="3" bw="6" slack="72"/>
</pin_list>
<bind>
<opcode="getelementptr(29) " fcode="getelementptr"/>
<opset="output_addr_1/3 "/>
</bind>
</comp>

<comp id="189" class="1004" name="svNonZeroFeature_addr_gep_fu_189">
<pin_list>
<pin id="190" dir="0" index="0" bw="32" slack="0"/>
<pin id="191" dir="0" index="1" bw="1" slack="0"/>
<pin id="192" dir="0" index="2" bw="6" slack="0"/>
<pin id="193" dir="1" index="3" bw="6" slack="0"/>
</pin_list>
<bind>
<opcode="getelementptr(29) " fcode="getelementptr"/>
<opset="svNonZeroFeature_addr/4 "/>
</bind>
</comp>

<comp id="196" class="1004" name="grp_access_fu_196">
<pin_list>
<pin id="197" dir="0" index="0" bw="6" slack="0"/>
<pin id="198" dir="0" index="1" bw="32" slack="2147483647"/>
<pin id="199" dir="1" index="2" bw="32" slack="1"/>
</pin_list>
<bind>
<opcode="load(27) " fcode="load"/>
<opset="svNonZeroFeature_load/4 "/>
</bind>
</comp>

<comp id="201" class="1004" name="grp_access_fu_201">
<pin_list>
<pin id="202" dir="0" index="0" bw="6" slack="1"/>
<pin id="203" dir="0" index="1" bw="32" slack="2147483647"/>
<pin id="204" dir="1" index="2" bw="32" slack="1"/>
</pin_list>
<bind>
<opcode="load(27) " fcode="load"/>
<opset="nonZeroFeature_load/4 "/>
</bind>
</comp>

<comp id="205" class="1004" name="lambda_addr_gep_fu_205">
<pin_list>
<pin id="206" dir="0" index="0" bw="64" slack="0"/>
<pin id="207" dir="0" index="1" bw="1" slack="0"/>
<pin id="208" dir="0" index="2" bw="6" slack="65"/>
<pin id="209" dir="1" index="3" bw="6" slack="0"/>
</pin_list>
<bind>
<opcode="getelementptr(29) " fcode="getelementptr"/>
<opset="lambda_addr/69 "/>
</bind>
</comp>

<comp id="212" class="1004" name="grp_access_fu_212">
<pin_list>
<pin id="213" dir="0" index="0" bw="6" slack="0"/>
<pin id="214" dir="0" index="1" bw="64" slack="2147483647"/>
<pin id="215" dir="1" index="2" bw="64" slack="1"/>
</pin_list>
<bind>
<opcode="load(27) " fcode="load"/>
<opset="lambda_load/69 "/>
</bind>
</comp>

<comp id="217" class="1005" name="i_reg_217">
<pin_list>
<pin id="218" dir="0" index="0" bw="6" slack="1"/>
<pin id="219" dir="1" index="1" bw="6" slack="1"/>
</pin_list>
<bind>
<opset="i (phireg) "/>
</bind>
</comp>

<comp id="221" class="1004" name="i_phi_fu_221">
<pin_list>
<pin id="222" dir="0" index="0" bw="1" slack="1"/>
<pin id="223" dir="0" index="1" bw="0" slack="2147483647"/>
<pin id="224" dir="0" index="2" bw="6" slack="0"/>
<pin id="225" dir="0" index="3" bw="0" slack="2147483647"/>
<pin id="226" dir="1" index="4" bw="6" slack="0"/>
</pin_list>
<bind>
<opcode="phi(47) " fcode="phi"/>
<opset="i/2 "/>
</bind>
</comp>

<comp id="228" class="1005" name="i_1_reg_228">
<pin_list>
<pin id="229" dir="0" index="0" bw="6" slack="1"/>
<pin id="230" dir="1" index="1" bw="6" slack="1"/>
</pin_list>
<bind>
<opset="i_1 (phireg) "/>
</bind>
</comp>

<comp id="232" class="1004" name="i_1_phi_fu_232">
<pin_list>
<pin id="233" dir="0" index="0" bw="6" slack="1"/>
<pin id="234" dir="0" index="1" bw="0" slack="2147483647"/>
<pin id="235" dir="0" index="2" bw="1" slack="1"/>
<pin id="236" dir="0" index="3" bw="0" slack="2147483647"/>
<pin id="237" dir="1" index="4" bw="6" slack="0"/>
</pin_list>
<bind>
<opcode="phi(47) " fcode="phi"/>
<opset="i_1/3 "/>
</bind>
</comp>

<comp id="240" class="1005" name="j_reg_240">
<pin_list>
<pin id="241" dir="0" index="0" bw="6" slack="1"/>
<pin id="242" dir="1" index="1" bw="6" slack="1"/>
</pin_list>
<bind>
<opset="j (phireg) "/>
</bind>
</comp>

<comp id="244" class="1004" name="j_phi_fu_244">
<pin_list>
<pin id="245" dir="0" index="0" bw="1" slack="1"/>
<pin id="246" dir="0" index="1" bw="0" slack="2147483647"/>
<pin id="247" dir="0" index="2" bw="6" slack="1"/>
<pin id="248" dir="0" index="3" bw="0" slack="2147483647"/>
<pin id="249" dir="1" index="4" bw="6" slack="0"/>
</pin_list>
<bind>
<opcode="phi(47) " fcode="phi"/>
<opset="j/4 "/>
</bind>
</comp>

<comp id="253" class="1004" name="grp_synth_top_dotProduct_fu_253">
<pin_list>
<pin id="254" dir="0" index="0" bw="64" slack="0"/>
<pin id="255" dir="0" index="1" bw="32" slack="0"/>
<pin id="256" dir="0" index="2" bw="32" slack="0"/>
<pin id="257" dir="0" index="3" bw="32" slack="0"/>
<pin id="258" dir="0" index="4" bw="32" slack="0"/>
<pin id="259" dir="0" index="5" bw="64" slack="0"/>
<pin id="260" dir="0" index="6" bw="64" slack="0"/>
<pin id="261" dir="0" index="7" bw="64" slack="0"/>
<pin id="262" dir="0" index="8" bw="64" slack="0"/>
<pin id="263" dir="0" index="9" bw="32" slack="1"/>
<pin id="264" dir="0" index="10" bw="32" slack="1"/>
<pin id="265" dir="0" index="11" bw="32" slack="0"/>
<pin id="266" dir="0" index="12" bw="32" slack="0"/>
<pin id="267" dir="0" index="13" bw="32" slack="0"/>
<pin id="268" dir="0" index="14" bw="32" slack="0"/>
<pin id="269" dir="0" index="15" bw="64" slack="0"/>
<pin id="270" dir="0" index="16" bw="64" slack="0"/>
<pin id="271" dir="0" index="17" bw="64" slack="0"/>
<pin id="272" dir="0" index="18" bw="64" slack="0"/>
<pin id="273" dir="0" index="19" bw="6" slack="2"/>
<pin id="274" dir="0" index="20" bw="6" slack="3"/>
<pin id="275" dir="1" index="21" bw="64" slack="0"/>
</pin_list>
<bind>
<opcode="call(48) " fcode="call"/>
<opset="tmp_1/6 "/>
</bind>
</comp>

<comp id="295" class="1004" name="grp_fu_295">
<pin_list>
<pin id="296" dir="0" index="0" bw="32" slack="1"/>
<pin id="297" dir="0" index="1" bw="32" slack="0"/>
<pin id="298" dir="1" index="2" bw="32" slack="1"/>
</pin_list>
<bind>
<opcode="fadd(9) " fcode="fadd"/>
<opset="tmp_4/8 "/>
</bind>
</comp>

<comp id="300" class="1004" name="grp_fu_300">
<pin_list>
<pin id="301" dir="0" index="0" bw="32" slack="1"/>
<pin id="302" dir="0" index="1" bw="32" slack="0"/>
<pin id="303" dir="1" index="2" bw="32" slack="1"/>
</pin_list>
<bind>
<opcode="fmul(13) " fcode="fmul"/>
<opset="tmp_7/46 "/>
</bind>
</comp>

<comp id="305" class="1004" name="grp_fu_305">
<pin_list>
<pin id="306" dir="0" index="0" bw="64" slack="0"/>
<pin id="307" dir="1" index="1" bw="32" slack="1"/>
</pin_list>
<bind>
<opcode="fptrunc(40) " fcode="fptrunc"/>
<opset="temp1/7 temp2/45 temp2_1/69 "/>
</bind>
</comp>

<comp id="309" class="1004" name="grp_fu_309">
<pin_list>
<pin id="310" dir="0" index="0" bw="32" slack="1"/>
<pin id="311" dir="1" index="1" bw="64" slack="1"/>
</pin_list>
<bind>
<opcode="fpext(41) " fcode="fpext"/>
<opset="tmp_5/13 tmp_8/50 tmp_10/70 "/>
</bind>
</comp>

<comp id="312" class="1004" name="grp_fu_312">
<pin_list>
<pin id="313" dir="0" index="0" bw="64" slack="1"/>
<pin id="314" dir="0" index="1" bw="64" slack="1"/>
<pin id="315" dir="1" index="2" bw="64" slack="1"/>
</pin_list>
<bind>
<opcode="dadd(508) " fcode="dadd"/>
<opset="tmp_12/77 "/>
</bind>
</comp>

<comp id="316" class="1004" name="grp_fu_316">
<pin_list>
<pin id="317" dir="0" index="0" bw="64" slack="1"/>
<pin id="318" dir="0" index="1" bw="64" slack="1"/>
<pin id="319" dir="1" index="2" bw="64" slack="1"/>
</pin_list>
<bind>
<opcode="dmul(510) " fcode="dmul"/>
<opset="tmp_11/71 "/>
</bind>
</comp>

<comp id="320" class="1004" name="grp_fu_320">
<pin_list>
<pin id="321" dir="0" index="0" bw="64" slack="0"/>
<pin id="322" dir="0" index="1" bw="64" slack="1"/>
<pin id="323" dir="1" index="2" bw="64" slack="1"/>
</pin_list>
<bind>
<opcode="dlog(521) " fcode="dlog"/>
<opset="tmp_6/14 "/>
</bind>
</comp>

<comp id="325" class="1004" name="grp_fu_325">
<pin_list>
<pin id="326" dir="0" index="0" bw="64" slack="0"/>
<pin id="327" dir="0" index="1" bw="64" slack="1"/>
<pin id="328" dir="1" index="2" bw="64" slack="1"/>
</pin_list>
<bind>
<opcode="dexp(522) " fcode="dexp"/>
<opset="tmp_9/51 "/>
</bind>
</comp>

<comp id="330" class="1005" name="reg_330">
<pin_list>
<pin id="331" dir="0" index="0" bw="32" slack="1"/>
<pin id="332" dir="1" index="1" bw="32" slack="1"/>
</pin_list>
<bind>
<opset="temp1 temp2 temp2_1 "/>
</bind>
</comp>

<comp id="337" class="1005" name="reg_337">
<pin_list>
<pin id="338" dir="0" index="0" bw="64" slack="1"/>
<pin id="339" dir="1" index="1" bw="64" slack="1"/>
</pin_list>
<bind>
<opset="tmp_5 tmp_8 tmp_10 "/>
</bind>
</comp>

<comp id="344" class="1004" name="exitcond2_fu_344">
<pin_list>
<pin id="345" dir="0" index="0" bw="6" slack="0"/>
<pin id="346" dir="0" index="1" bw="5" slack="0"/>
<pin id="347" dir="1" index="2" bw="1" slack="2147483647"/>
</pin_list>
<bind>
<opcode="icmp(45) " fcode="icmp"/>
<opset="exitcond2/2 "/>
</bind>
</comp>

<comp id="350" class="1004" name="tmp_fu_350">
<pin_list>
<pin id="351" dir="0" index="0" bw="6" slack="0"/>
<pin id="352" dir="1" index="1" bw="64" slack="0"/>
</pin_list>
<bind>
<opcode="zext(34) " fcode="zext"/>
<opset="tmp/2 "/>
</bind>
</comp>

<comp id="355" class="1004" name="i_2_fu_355">
<pin_list>
<pin id="356" dir="0" index="0" bw="6" slack="0"/>
<pin id="357" dir="0" index="1" bw="1" slack="0"/>
<pin id="358" dir="1" index="2" bw="6" slack="0"/>
</pin_list>
<bind>
<opcode="add(8) " fcode="add"/>
<opset="i_2/2 "/>
</bind>
</comp>

<comp id="361" class="1004" name="exitcond1_fu_361">
<pin_list>
<pin id="362" dir="0" index="0" bw="6" slack="0"/>
<pin id="363" dir="0" index="1" bw="5" slack="0"/>
<pin id="364" dir="1" index="2" bw="1" slack="2147483647"/>
</pin_list>
<bind>
<opcode="icmp(45) " fcode="icmp"/>
<opset="exitcond1/3 "/>
</bind>
</comp>

<comp id="367" class="1004" name="tmp_s_fu_367">
<pin_list>
<pin id="368" dir="0" index="0" bw="6" slack="0"/>
<pin id="369" dir="1" index="1" bw="64" slack="0"/>
</pin_list>
<bind>
<opcode="zext(34) " fcode="zext"/>
<opset="tmp_s/3 "/>
</bind>
</comp>

<comp id="373" class="1004" name="exitcond_fu_373">
<pin_list>
<pin id="374" dir="0" index="0" bw="6" slack="0"/>
<pin id="375" dir="0" index="1" bw="6" slack="0"/>
<pin id="376" dir="1" index="2" bw="1" slack="2147483647"/>
</pin_list>
<bind>
<opcode="icmp(45) " fcode="icmp"/>
<opset="exitcond/4 "/>
</bind>
</comp>

<comp id="379" class="1004" name="tmp_2_fu_379">
<pin_list>
<pin id="380" dir="0" index="0" bw="6" slack="0"/>
<pin id="381" dir="1" index="1" bw="64" slack="0"/>
</pin_list>
<bind>
<opcode="zext(34) " fcode="zext"/>
<opset="tmp_2/4 "/>
</bind>
</comp>

<comp id="384" class="1004" name="i_3_fu_384">
<pin_list>
<pin id="385" dir="0" index="0" bw="6" slack="1"/>
<pin id="386" dir="0" index="1" bw="1" slack="0"/>
<pin id="387" dir="1" index="2" bw="6" slack="1"/>
</pin_list>
<bind>
<opcode="add(8) " fcode="add"/>
<opset="i_3/4 "/>
</bind>
</comp>

<comp id="390" class="1004" name="j_1_fu_390">
<pin_list>
<pin id="391" dir="0" index="0" bw="6" slack="2"/>
<pin id="392" dir="0" index="1" bw="1" slack="0"/>
<pin id="393" dir="1" index="2" bw="6" slack="1"/>
</pin_list>
<bind>
<opcode="add(8) " fcode="add"/>
<opset="j_1/6 "/>
</bind>
</comp>

<comp id="399" class="1005" name="i_2_reg_399">
<pin_list>
<pin id="400" dir="0" index="0" bw="6" slack="0"/>
<pin id="401" dir="1" index="1" bw="6" slack="0"/>
</pin_list>
<bind>
<opset="i_2 "/>
</bind>
</comp>

<comp id="407" class="1005" name="nonZeroFeature_addr_reg_407">
<pin_list>
<pin id="408" dir="0" index="0" bw="6" slack="1"/>
<pin id="409" dir="1" index="1" bw="6" slack="1"/>
</pin_list>
<bind>
<opset="nonZeroFeature_addr "/>
</bind>
</comp>

<comp id="412" class="1005" name="output_addr_1_reg_412">
<pin_list>
<pin id="413" dir="0" index="0" bw="6" slack="72"/>
<pin id="414" dir="1" index="1" bw="6" slack="72"/>
</pin_list>
<bind>
<opset="output_addr_1 "/>
</bind>
</comp>

<comp id="420" class="1005" name="tmp_2_reg_420">
<pin_list>
<pin id="421" dir="0" index="0" bw="64" slack="65"/>
<pin id="422" dir="1" index="1" bw="64" slack="65"/>
</pin_list>
<bind>
<opset="tmp_2 "/>
</bind>
</comp>

<comp id="425" class="1005" name="svNonZeroFeature_addr_reg_425">
<pin_list>
<pin id="426" dir="0" index="0" bw="6" slack="1"/>
<pin id="427" dir="1" index="1" bw="6" slack="1"/>
</pin_list>
<bind>
<opset="svNonZeroFeature_addr "/>
</bind>
</comp>

<comp id="430" class="1005" name="i_3_reg_430">
<pin_list>
<pin id="431" dir="0" index="0" bw="6" slack="1"/>
<pin id="432" dir="1" index="1" bw="6" slack="1"/>
</pin_list>
<bind>
<opset="i_3 "/>
</bind>
</comp>

<comp id="435" class="1005" name="svNonZeroFeature_load_reg_435">
<pin_list>
<pin id="436" dir="0" index="0" bw="32" slack="1"/>
<pin id="437" dir="1" index="1" bw="32" slack="1"/>
</pin_list>
<bind>
<opset="svNonZeroFeature_load "/>
</bind>
</comp>

<comp id="440" class="1005" name="nonZeroFeature_load_reg_440">
<pin_list>
<pin id="441" dir="0" index="0" bw="32" slack="1"/>
<pin id="442" dir="1" index="1" bw="32" slack="1"/>
</pin_list>
<bind>
<opset="nonZeroFeature_load "/>
</bind>
</comp>

<comp id="445" class="1005" name="j_1_reg_445">
<pin_list>
<pin id="446" dir="0" index="0" bw="6" slack="1"/>
<pin id="447" dir="1" index="1" bw="6" slack="1"/>
</pin_list>
<bind>
<opset="j_1 "/>
</bind>
</comp>

<comp id="450" class="1005" name="tmp_4_reg_450">
<pin_list>
<pin id="451" dir="0" index="0" bw="32" slack="1"/>
<pin id="452" dir="1" index="1" bw="32" slack="1"/>
</pin_list>
<bind>
<opset="tmp_4 "/>
</bind>
</comp>

<comp id="455" class="1005" name="tmp_6_reg_455">
<pin_list>
<pin id="456" dir="0" index="0" bw="64" slack="1"/>
<pin id="457" dir="1" index="1" bw="64" slack="1"/>
</pin_list>
<bind>
<opset="tmp_6 "/>
</bind>
</comp>

<comp id="460" class="1005" name="tmp_7_reg_460">
<pin_list>
<pin id="461" dir="0" index="0" bw="32" slack="1"/>
<pin id="462" dir="1" index="1" bw="32" slack="1"/>
</pin_list>
<bind>
<opset="tmp_7 "/>
</bind>
</comp>

<comp id="465" class="1005" name="tmp_9_reg_465">
<pin_list>
<pin id="466" dir="0" index="0" bw="64" slack="1"/>
<pin id="467" dir="1" index="1" bw="64" slack="1"/>
</pin_list>
<bind>
<opset="tmp_9 "/>
</bind>
</comp>

<comp id="470" class="1005" name="lambda_addr_reg_470">
<pin_list>
<pin id="471" dir="0" index="0" bw="6" slack="1"/>
<pin id="472" dir="1" index="1" bw="6" slack="1"/>
</pin_list>
<bind>
<opset="lambda_addr "/>
</bind>
</comp>

<comp id="475" class="1005" name="lambda_load_reg_475">
<pin_list>
<pin id="476" dir="0" index="0" bw="64" slack="1"/>
<pin id="477" dir="1" index="1" bw="64" slack="1"/>
</pin_list>
<bind>
<opset="lambda_load "/>
</bind>
</comp>

<comp id="480" class="1005" name="tmp_11_reg_480">
<pin_list>
<pin id="481" dir="0" index="0" bw="64" slack="1"/>
<pin id="482" dir="1" index="1" bw="64" slack="1"/>
</pin_list>
<bind>
<opset="tmp_11 "/>
</bind>
</comp>

<comp id="485" class="1005" name="output_load_reg_485">
<pin_list>
<pin id="486" dir="0" index="0" bw="64" slack="1"/>
<pin id="487" dir="1" index="1" bw="64" slack="1"/>
</pin_list>
<bind>
<opset="output_load "/>
</bind>
</comp>

<comp id="490" class="1005" name="tmp_12_reg_490">
<pin_list>
<pin id="491" dir="0" index="0" bw="64" slack="1"/>
<pin id="492" dir="1" index="1" bw="64" slack="1"/>
</pin_list>
<bind>
<opset="tmp_12 "/>
</bind>
</comp>

</comp_list>

<net_list>
<net id="167"><net_src comp="38" pin="0"/><net_sink comp="162" pin=0"/></net>

<net id="168"><net_src comp="136" pin="0"/><net_sink comp="162" pin=1"/></net>

<net id="173"><net_src comp="138" pin="0"/><net_sink comp="169" pin=1"/></net>

<net id="174"><net_src comp="162" pin="3"/><net_sink comp="169" pin=0"/></net>

<net id="180"><net_src comp="36" pin="0"/><net_sink comp="175" pin=0"/></net>

<net id="181"><net_src comp="136" pin="0"/><net_sink comp="175" pin=1"/></net>

<net id="187"><net_src comp="38" pin="0"/><net_sink comp="182" pin=0"/></net>

<net id="188"><net_src comp="136" pin="0"/><net_sink comp="182" pin=1"/></net>

<net id="194"><net_src comp="34" pin="0"/><net_sink comp="189" pin=0"/></net>

<net id="195"><net_src comp="136" pin="0"/><net_sink comp="189" pin=1"/></net>

<net id="200"><net_src comp="189" pin="3"/><net_sink comp="196" pin=0"/></net>

<net id="210"><net_src comp="32" pin="0"/><net_sink comp="205" pin=0"/></net>

<net id="211"><net_src comp="136" pin="0"/><net_sink comp="205" pin=1"/></net>

<net id="216"><net_src comp="205" pin="3"/><net_sink comp="212" pin=0"/></net>

<net id="220"><net_src comp="124" pin="0"/><net_sink comp="217" pin=0"/></net>

<net id="227"><net_src comp="217" pin="1"/><net_sink comp="221" pin=0"/></net>

<net id="231"><net_src comp="124" pin="0"/><net_sink comp="228" pin=0"/></net>

<net id="238"><net_src comp="228" pin="1"/><net_sink comp="232" pin=2"/></net>

<net id="239"><net_src comp="232" pin="4"/><net_sink comp="228" pin=0"/></net>

<net id="243"><net_src comp="124" pin="0"/><net_sink comp="240" pin=0"/></net>

<net id="250"><net_src comp="240" pin="1"/><net_sink comp="244" pin=0"/></net>

<net id="251"><net_src comp="244" pin="4"/><net_sink comp="240" pin=0"/></net>

<net id="276"><net_src comp="150" pin="0"/><net_sink comp="253" pin=0"/></net>

<net id="277"><net_src comp="16" pin="0"/><net_sink comp="253" pin=1"/></net>

<net id="278"><net_src comp="18" pin="0"/><net_sink comp="253" pin=2"/></net>

<net id="279"><net_src comp="20" pin="0"/><net_sink comp="253" pin=3"/></net>

<net id="280"><net_src comp="22" pin="0"/><net_sink comp="253" pin=4"/></net>

<net id="281"><net_src comp="24" pin="0"/><net_sink comp="253" pin=5"/></net>

<net id="282"><net_src comp="26" pin="0"/><net_sink comp="253" pin=6"/></net>

<net id="283"><net_src comp="28" pin="0"/><net_sink comp="253" pin=7"/></net>

<net id="284"><net_src comp="30" pin="0"/><net_sink comp="253" pin=8"/></net>

<net id="285"><net_src comp="0" pin="0"/><net_sink comp="253" pin=11"/></net>

<net id="286"><net_src comp="2" pin="0"/><net_sink comp="253" pin=12"/></net>

<net id="287"><net_src comp="4" pin="0"/><net_sink comp="253" pin=13"/></net>

<net id="288"><net_src comp="6" pin="0"/><net_sink comp="253" pin=14"/></net>

<net id="289"><net_src comp="8" pin="0"/><net_sink comp="253" pin=15"/></net>

<net id="290"><net_src comp="10" pin="0"/><net_sink comp="253" pin=16"/></net>

<net id="291"><net_src comp="12" pin="0"/><net_sink comp="253" pin=17"/></net>

<net id="292"><net_src comp="14" pin="0"/><net_sink comp="253" pin=18"/></net>

<net id="293"><net_src comp="240" pin="1"/><net_sink comp="253" pin=19"/></net>

<net id="294"><net_src comp="228" pin="1"/><net_sink comp="253" pin=20"/></net>

<net id="299"><net_src comp="152" pin="0"/><net_sink comp="295" pin=1"/></net>

<net id="304"><net_src comp="156" pin="0"/><net_sink comp="300" pin=1"/></net>

<net id="308"><net_src comp="253" pin="21"/><net_sink comp="305" pin=0"/></net>

<net id="324"><net_src comp="154" pin="0"/><net_sink comp="320" pin=0"/></net>

<net id="329"><net_src comp="158" pin="0"/><net_sink comp="325" pin=0"/></net>

<net id="333"><net_src comp="305" pin="1"/><net_sink comp="330" pin=0"/></net>

<net id="334"><net_src comp="330" pin="1"/><net_sink comp="295" pin=0"/></net>

<net id="335"><net_src comp="330" pin="1"/><net_sink comp="300" pin=0"/></net>

<net id="336"><net_src comp="330" pin="1"/><net_sink comp="309" pin=0"/></net>

<net id="340"><net_src comp="309" pin="1"/><net_sink comp="337" pin=0"/></net>

<net id="341"><net_src comp="337" pin="1"/><net_sink comp="320" pin=1"/></net>

<net id="342"><net_src comp="337" pin="1"/><net_sink comp="325" pin=1"/></net>

<net id="343"><net_src comp="337" pin="1"/><net_sink comp="316" pin=1"/></net>

<net id="348"><net_src comp="221" pin="4"/><net_sink comp="344" pin=0"/></net>

<net id="349"><net_src comp="126" pin="0"/><net_sink comp="344" pin=1"/></net>

<net id="353"><net_src comp="221" pin="4"/><net_sink comp="350" pin=0"/></net>

<net id="354"><net_src comp="350" pin="1"/><net_sink comp="162" pin=2"/></net>

<net id="359"><net_src comp="221" pin="4"/><net_sink comp="355" pin=0"/></net>

<net id="360"><net_src comp="124" pin="0"/><net_sink comp="355" pin=1"/></net>

<net id="365"><net_src comp="232" pin="4"/><net_sink comp="361" pin=0"/></net>

<net id="366"><net_src comp="126" pin="0"/><net_sink comp="361" pin=1"/></net>

<net id="370"><net_src comp="232" pin="4"/><net_sink comp="367" pin=0"/></net>

<net id="371"><net_src comp="367" pin="1"/><net_sink comp="175" pin=2"/></net>

<net id="372"><net_src comp="367" pin="1"/><net_sink comp="182" pin=2"/></net>

<net id="377"><net_src comp="244" pin="4"/><net_sink comp="373" pin=0"/></net>

<net id="378"><net_src comp="144" pin="0"/><net_sink comp="373" pin=1"/></net>

<net id="382"><net_src comp="244" pin="4"/><net_sink comp="379" pin=0"/></net>

<net id="383"><net_src comp="379" pin="1"/><net_sink comp="189" pin=2"/></net>

<net id="388"><net_src comp="228" pin="1"/><net_sink comp="384" pin=0"/></net>

<net id="389"><net_src comp="124" pin="0"/><net_sink comp="384" pin=1"/></net>

<net id="394"><net_src comp="240" pin="1"/><net_sink comp="390" pin=0"/></net>

<net id="395"><net_src comp="124" pin="0"/><net_sink comp="390" pin=1"/></net>

<net id="402"><net_src comp="355" pin="2"/><net_sink comp="399" pin=0"/></net>

<net id="403"><net_src comp="399" pin="1"/><net_sink comp="221" pin=2"/></net>

<net id="410"><net_src comp="175" pin="3"/><net_sink comp="407" pin=0"/></net>

<net id="411"><net_src comp="407" pin="1"/><net_sink comp="201" pin=0"/></net>

<net id="415"><net_src comp="182" pin="3"/><net_sink comp="412" pin=0"/></net>

<net id="416"><net_src comp="412" pin="1"/><net_sink comp="169" pin=0"/></net>

<net id="423"><net_src comp="379" pin="1"/><net_sink comp="420" pin=0"/></net>

<net id="424"><net_src comp="420" pin="1"/><net_sink comp="205" pin=2"/></net>

<net id="428"><net_src comp="189" pin="3"/><net_sink comp="425" pin=0"/></net>

<net id="429"><net_src comp="425" pin="1"/><net_sink comp="196" pin=0"/></net>

<net id="433"><net_src comp="384" pin="2"/><net_sink comp="430" pin=0"/></net>

<net id="434"><net_src comp="430" pin="1"/><net_sink comp="232" pin=0"/></net>

<net id="438"><net_src comp="196" pin="2"/><net_sink comp="435" pin=0"/></net>

<net id="439"><net_src comp="435" pin="1"/><net_sink comp="253" pin=9"/></net>

<net id="443"><net_src comp="201" pin="2"/><net_sink comp="440" pin=0"/></net>

<net id="444"><net_src comp="440" pin="1"/><net_sink comp="253" pin=10"/></net>

<net id="448"><net_src comp="390" pin="2"/><net_sink comp="445" pin=0"/></net>

<net id="449"><net_src comp="445" pin="1"/><net_sink comp="244" pin=2"/></net>

<net id="453"><net_src comp="295" pin="2"/><net_sink comp="450" pin=0"/></net>

<net id="454"><net_src comp="450" pin="1"/><net_sink comp="309" pin=0"/></net>

<net id="458"><net_src comp="320" pin="2"/><net_sink comp="455" pin=0"/></net>

<net id="459"><net_src comp="455" pin="1"/><net_sink comp="305" pin=0"/></net>

<net id="463"><net_src comp="300" pin="2"/><net_sink comp="460" pin=0"/></net>

<net id="464"><net_src comp="460" pin="1"/><net_sink comp="309" pin=0"/></net>

<net id="468"><net_src comp="325" pin="2"/><net_sink comp="465" pin=0"/></net>

<net id="469"><net_src comp="465" pin="1"/><net_sink comp="305" pin=0"/></net>

<net id="473"><net_src comp="205" pin="3"/><net_sink comp="470" pin=0"/></net>

<net id="474"><net_src comp="470" pin="1"/><net_sink comp="212" pin=0"/></net>

<net id="478"><net_src comp="212" pin="2"/><net_sink comp="475" pin=0"/></net>

<net id="479"><net_src comp="475" pin="1"/><net_sink comp="316" pin=0"/></net>

<net id="483"><net_src comp="316" pin="2"/><net_sink comp="480" pin=0"/></net>

<net id="484"><net_src comp="480" pin="1"/><net_sink comp="312" pin=1"/></net>

<net id="488"><net_src comp="169" pin="2"/><net_sink comp="485" pin=0"/></net>

<net id="489"><net_src comp="485" pin="1"/><net_sink comp="312" pin=0"/></net>

<net id="493"><net_src comp="312" pin="2"/><net_sink comp="490" pin=0"/></net>

<net id="494"><net_src comp="490" pin="1"/><net_sink comp="169" pin=1"/></net>

</net_list>

</model> 
---------------- Datapath Model END ------------------

* FSMD analyzer results:
  - Output states:
  - Chain level:
	State 1
	State 2
		exitcond2 : 1
		stg_107 : 2
		tmp : 1
		output_addr : 2
		stg_111 : 3
		i_2 : 1
	State 3
		exitcond1 : 1
		stg_117 : 2
		tmp_s : 1
		nonZeroFeature_addr : 2
		output_addr_1 : 2
	State 4
		exitcond : 1
		stg_128 : 2
		tmp_2 : 1
		svNonZeroFeature_addr : 2
		svNonZeroFeature_load : 3
	State 5
	State 6
	State 7
		temp1 : 1
	State 8
	State 9
	State 10
	State 11
	State 12
	State 13
	State 14
	State 15
	State 16
	State 17
	State 18
	State 19
	State 20
	State 21
	State 22
	State 23
	State 24
	State 25
	State 26
	State 27
	State 28
	State 29
	State 30
	State 31
	State 32
	State 33
	State 34
	State 35
	State 36
	State 37
	State 38
	State 39
	State 40
	State 41
	State 42
	State 43
	State 44
	State 45
	State 46
	State 47
	State 48
	State 49
	State 50
	State 51
	State 52
	State 53
	State 54
	State 55
	State 56
	State 57
	State 58
	State 59
	State 60
	State 61
	State 62
	State 63
	State 64
	State 65
	State 66
	State 67
	State 68
	State 69
		lambda_load : 1
	State 70
	State 71
	State 72
	State 73
	State 74
	State 75
	State 76
	State 77
	State 78
	State 79
	State 80
	State 81
	State 82


============================================================
+ Verbose Summary: Datapath Resource usage 
============================================================

* Functional unit list:
|----------|---------------------------------|---------|---------|---------|---------|
| Operation|         Functional Unit         |  DSP48E |  Delay  |    FF   |   LUT   |
|----------|---------------------------------|---------|---------|---------|---------|
|   call   | grp_synth_top_dotProduct_fu_253 |    16   |  29.849 |   2013  |   3396  |
|----------|---------------------------------|---------|---------|---------|---------|
|   dexp   |            grp_fu_325           |    26   |    0    |   1549  |   2599  |
|----------|---------------------------------|---------|---------|---------|---------|
|   dlog   |            grp_fu_320           |    61   |    0    |   1909  |   1510  |
|----------|---------------------------------|---------|---------|---------|---------|
|   dadd   |            grp_fu_312           |    3    |    0    |   445   |   1149  |
|----------|---------------------------------|---------|---------|---------|---------|
|   dmul   |            grp_fu_316           |    11   |    0    |   317   |   578   |
|----------|---------------------------------|---------|---------|---------|---------|
|   fadd   |            grp_fu_295           |    2    |    0    |   205   |   390   |
|----------|---------------------------------|---------|---------|---------|---------|
|   fmul   |            grp_fu_300           |    3    |    0    |   143   |   321   |
|----------|---------------------------------|---------|---------|---------|---------|
|  fptrunc |            grp_fu_305           |    0    |    0    |   128   |   277   |
|----------|---------------------------------|---------|---------|---------|---------|
|   fpext  |            grp_fu_309           |    0    |    0    |   100   |   138   |
|----------|---------------------------------|---------|---------|---------|---------|
|          |            i_2_fu_355           |    0    |    0    |    0    |    6    |
|    add   |            i_3_fu_384           |    0    |    0    |    0    |    6    |
|          |            j_1_fu_390           |    0    |    0    |    0    |    6    |
|----------|---------------------------------|---------|---------|---------|---------|
|          |         exitcond2_fu_344        |    0    |    0    |    0    |    3    |
|   icmp   |         exitcond1_fu_361        |    0    |    0    |    0    |    3    |
|          |         exitcond_fu_373         |    0    |    0    |    0    |    3    |
|----------|---------------------------------|---------|---------|---------|---------|
|          |            tmp_fu_350           |    0    |    0    |    0    |    0    |
|   zext   |           tmp_s_fu_367          |    0    |    0    |    0    |    0    |
|          |           tmp_2_fu_379          |    0    |    0    |    0    |    0    |
|----------|---------------------------------|---------|---------|---------|---------|
|   Total  |                                 |   122   |  29.849 |   6809  |  10385  |
|----------|---------------------------------|---------|---------|---------|---------|

Memories:
N/A

* Register list:
+-----------------------------+--------+
|                             |   FF   |
+-----------------------------+--------+
|         i_1_reg_228         |    6   |
|         i_2_reg_399         |    6   |
|         i_3_reg_430         |    6   |
|          i_reg_217          |    6   |
|         j_1_reg_445         |    6   |
|          j_reg_240          |    6   |
|     lambda_addr_reg_470     |    6   |
|     lambda_load_reg_475     |   64   |
| nonZeroFeature_addr_reg_407 |    6   |
| nonZeroFeature_load_reg_440 |   32   |
|    output_addr_1_reg_412    |    6   |
|     output_load_reg_485     |   64   |
|           reg_330           |   32   |
|           reg_337           |   64   |
|svNonZeroFeature_addr_reg_425|    6   |
|svNonZeroFeature_load_reg_435|   32   |
|        tmp_11_reg_480       |   64   |
|        tmp_12_reg_490       |   64   |
|        tmp_2_reg_420        |   64   |
|        tmp_4_reg_450        |   32   |
|        tmp_6_reg_455        |   64   |
|        tmp_7_reg_460        |   32   |
|        tmp_9_reg_465        |   64   |
+-----------------------------+--------+
|            Total            |   732  |
+-----------------------------+--------+

* Multiplexer (MUX) list: 
|-------------------|------|------|------|--------||---------||---------|
|        Comp       |  Pin | Size |  BW  | S x BW ||  Delay  ||   LUT   |
|-------------------|------|------|------|--------||---------||---------|
| grp_access_fu_169 |  p0  |   2  |   6  |   12   ||    6    |
| grp_access_fu_169 |  p1  |   2  |  64  |   128  ||    64   |
| grp_access_fu_196 |  p0  |   2  |   6  |   12   ||    6    |
| grp_access_fu_212 |  p0  |   2  |   6  |   12   ||    6    |
|    i_1_reg_228    |  p0  |   2  |   6  |   12   ||    6    |
|     j_reg_240     |  p0  |   2  |   6  |   12   ||    6    |
|     grp_fu_305    |  p0  |   3  |  64  |   192  ||    64   |
|     grp_fu_309    |  p0  |   3  |  32  |   96   ||    32   |
|-------------------|------|------|------|--------||---------||---------|
|       Total       |      |      |      |   476  ||  12.568 ||   190   |
|-------------------|------|------|------|--------||---------||---------|



* Summary:
+-----------+--------+--------+--------+--------+
|           | DSP48E |  Delay |   FF   |   LUT  |
+-----------+--------+--------+--------+--------+
|  Function |   122  |   29   |  6809  |  10385 |
|   Memory  |    -   |    -   |    -   |    -   |
|Multiplexer|    -   |   12   |    -   |   190  |
|  Register |    -   |    -   |   732  |    -   |
+-----------+--------+--------+--------+--------+
|   Total   |   122  |   42   |  7541  |  10575 |
+-----------+--------+--------+--------+--------+
