Copyright 1986-2015 Xilinx, Inc. All Rights Reserved.
------------------------------------------------------------------------------------------------------
| Tool Version : Vivado v.2015.1 (win64) Build 1215546 Mon Apr 27 19:22:08 MDT 2015
| Date         : Sat May 23 12:39:16 2015
| Host         : Owner-PC running 64-bit Service Pack 1  (build 7601)
| Command      : report_control_sets -verbose -file smo_linear_system_wrapper_control_sets_placed.rpt
| Design       : smo_linear_system_wrapper
| Device       : xc7z020
------------------------------------------------------------------------------------------------------

Control Set Information

Table of Contents
-----------------
1. Summary
2. Flip-Flop Distribution
3. Detailed Control Set Information

1. Summary
----------

+-------------------------------------------------------------------+-------+
|                               Status                              | Count |
+-------------------------------------------------------------------+-------+
| Number of unique control sets                                     |   142 |
| Minimum Number of register sites lost to control set restrictions |   230 |
+-------------------------------------------------------------------+-------+


2. Flip-Flop Distribution
-------------------------

+--------------+-----------------------+------------------------+-----------------+--------------+
| Clock Enable | Synchronous Set/Reset | Asynchronous Set/Reset | Total Registers | Total Slices |
+--------------+-----------------------+------------------------+-----------------+--------------+
| No           | No                    | No                     |            4775 |         1504 |
| No           | No                    | Yes                    |               0 |            0 |
| No           | Yes                   | No                     |             691 |          232 |
| Yes          | No                    | No                     |            4178 |         1402 |
| Yes          | No                    | Yes                    |               0 |            0 |
| Yes          | Yes                   | No                     |             462 |          155 |
+--------------+-----------------------+------------------------+-----------------+--------------+


3. Detailed Control Set Information
-----------------------------------

+----------------------------------------------------------+-------------------------------------------------------------------------------------------------------------------------------------------------------------------------+---------------------------------------------------------------------------------------------------------------------------------------------------------------------------------------------------------------------------------------------------------------------------------------------------+------------------+----------------+
|                       Clock Signal                       |                                                                              Enable Signal                                                                              |                                                                                                                                          Set/Reset Signal                                                                                                                                         | Slice Load Count | Bel Load Count |
+----------------------------------------------------------+-------------------------------------------------------------------------------------------------------------------------------------------------------------------------+---------------------------------------------------------------------------------------------------------------------------------------------------------------------------------------------------------------------------------------------------------------------------------------------------+------------------+----------------+
|  smo_linear_system_i/processing_system7_0/inst/FCLK_CLK0 | smo_linear_system_i/synth_top_0/inst/synth_top_writeResult_U0/grp_synth_top_classifyLinear_fu_193/tmp_11_reg_5770                                                       |                                                                                                                                                                                                                                                                                                   |                1 |              2 |
|  smo_linear_system_i/processing_system7_0/inst/FCLK_CLK0 | smo_linear_system_i/processing_system7_0_axi_periph/s00_couplers/auto_pc/inst/gen_axilite.gen_b2s_conv.axilite_b2s/WR.b_channel_0/bid_fifo_0/bresp_push                 |                                                                                                                                                                                                                                                                                                   |                1 |              2 |
|  smo_linear_system_i/processing_system7_0/inst/FCLK_CLK0 | smo_linear_system_i/processing_system7_0_axi_periph/s00_couplers/auto_pc/inst/gen_axilite.gen_b2s_conv.axilite_b2s/WR.aw_channel_0/aw_cmd_fsm_0/axlen_cnt_reg[0]_0[0]   |                                                                                                                                                                                                                                                                                                   |                1 |              4 |
|  smo_linear_system_i/processing_system7_0/inst/FCLK_CLK0 | smo_linear_system_i/processing_system7_0_axi_periph/s00_couplers/auto_pc/inst/gen_axilite.gen_b2s_conv.axilite_b2s/WR.aw_channel_0/aw_cmd_fsm_0/axlen_cnt_reg[4]_0      | smo_linear_system_i/processing_system7_0_axi_periph/s00_couplers/auto_pc/inst/gen_axilite.gen_b2s_conv.axilite_b2s/WR.aw_channel_0/aw_cmd_fsm_0/axlen_cnt_reg[7]                                                                                                                                  |                1 |              4 |
|  smo_linear_system_i/processing_system7_0/inst/FCLK_CLK0 |                                                                                                                                                                         | smo_linear_system_i/finish_comp/U0/AXI_LITE_IPIF_I/I_SLAVE_ATTACHMENT/INCLUDE_DPHASE_TIMER.dpto_cnt[3]_i_1_n_4                                                                                                                                                                                    |                1 |              4 |
|  smo_linear_system_i/processing_system7_0/inst/FCLK_CLK0 | smo_linear_system_i/processing_system7_0_axi_periph/s00_couplers/auto_pc/inst/gen_axilite.gen_b2s_conv.axilite_b2s/WR.aw_channel_0/aw_cmd_fsm_0/axlen_cnt_reg[4]_0      |                                                                                                                                                                                                                                                                                                   |                2 |              4 |
|  smo_linear_system_i/processing_system7_0/inst/FCLK_CLK0 | smo_linear_system_i/processing_system7_0_axi_periph/s00_couplers/auto_pc/inst/gen_axilite.gen_b2s_conv.axilite_b2s/RD.ar_channel_0/ar_cmd_fsm_0/axlen_cnt_reg[4]        | smo_linear_system_i/processing_system7_0_axi_periph/s00_couplers/auto_pc/inst/gen_axilite.gen_b2s_conv.axilite_b2s/RD.ar_channel_0/ar_cmd_fsm_0/axlen_cnt_reg[7]                                                                                                                                  |                1 |              4 |
|  smo_linear_system_i/processing_system7_0/inst/FCLK_CLK0 | smo_linear_system_i/processing_system7_0_axi_periph/s00_couplers/auto_pc/inst/gen_axilite.gen_b2s_conv.axilite_b2s/RD.ar_channel_0/ar_cmd_fsm_0/axlen_cnt_reg[4]        |                                                                                                                                                                                                                                                                                                   |                1 |              4 |
|  smo_linear_system_i/processing_system7_0/inst/FCLK_CLK0 | smo_linear_system_i/synth_top_0/inst/synth_top_writeResult_U0/grp_synth_top_classifyPoly_fu_149/grp_synth_top_dotProduct_fu_253/tmp_13_reg_7720                         |                                                                                                                                                                                                                                                                                                   |                2 |              4 |
|  smo_linear_system_i/processing_system7_0/inst/FCLK_CLK0 |                                                                                                                                                                         | smo_linear_system_i/start_comp/U0/AXI_LITE_IPIF_I/I_SLAVE_ATTACHMENT/INCLUDE_DPHASE_TIMER.dpto_cnt[3]_i_1_n_4                                                                                                                                                                                     |                1 |              4 |
|  smo_linear_system_i/processing_system7_0/inst/FCLK_CLK0 |                                                                                                                                                                         | smo_linear_system_i/synth_top_0/inst/synth_top_writeResult_U0/grp_synth_top_classifyPoly_fu_149/synth_top_dexp_64ns_64ns_64_18_full_dsp_U31/synth_top_ap_dexp_16_full_dsp_64_u/U0/i_synth/EXP_OP.OP/i_shift_to_fixed/ALIGN_SHIFT/MUX_LOOP[2].DEL_SHIFT/i_pipe/opt_has_pipe.first_q[62]_i_1__0_n_4 |                1 |              4 |
|  smo_linear_system_i/processing_system7_0/inst/FCLK_CLK0 | smo_linear_system_i/processing_system7_0_axi_periph/s00_couplers/auto_pc/inst/gen_axilite.gen_b2s_conv.axilite_b2s/RD.ar_channel_0/ar_cmd_fsm_0/axlen_cnt_reg[0][0]     |                                                                                                                                                                                                                                                                                                   |                1 |              4 |
|  smo_linear_system_i/processing_system7_0/inst/FCLK_CLK0 |                                                                                                                                                                         | smo_linear_system_i/synth_top_0/inst/synth_top_writeResult_U0/grp_synth_top_classifyPoly_fu_149/synth_top_dexp_64ns_64ns_64_18_full_dsp_U31/synth_top_ap_dexp_16_full_dsp_64_u/U0/i_synth/EXP_OP.OP/i_shift_to_fixed/ALIGN_SHIFT/MUX_LOOP[2].DEL_SHIFT/i_pipe/opt_has_pipe.first_q[50]_i_1_n_4    |                4 |              5 |
|  smo_linear_system_i/processing_system7_0/inst/FCLK_CLK0 |                                                                                                                                                                         | smo_linear_system_i/rst_processing_system7_0_100M/U0/EXT_LPF/lpf_int                                                                                                                                                                                                                              |                3 |              5 |
|  smo_linear_system_i/processing_system7_0/inst/FCLK_CLK0 | smo_linear_system_i/synth_top_0/inst/synth_top_writeResult_U0/grp_synth_top_classifyLinear_fu_193/Q[2]                                                                  | smo_linear_system_i/synth_top_0/inst/synth_top_writeResult_U0/grp_synth_top_classifyLinear_fu_193/yindex_assign_reg_252                                                                                                                                                                           |                1 |              6 |
|  smo_linear_system_i/processing_system7_0/inst/FCLK_CLK0 | smo_linear_system_i/synth_top_0/inst/synth_top_smo_io_s_axi_U/int_nonZeroFeature/SR[0]                                                                                  |                                                                                                                                                                                                                                                                                                   |                2 |              6 |
|  smo_linear_system_i/processing_system7_0/inst/FCLK_CLK0 | smo_linear_system_i/synth_top_0/inst/synth_top_writeResult_U0/grp_synth_top_classifyPoly_fu_149/ap_sig_bdd_322                                                          |                                                                                                                                                                                                                                                                                                   |                1 |              6 |
|  smo_linear_system_i/processing_system7_0/inst/FCLK_CLK0 | smo_linear_system_i/synth_top_0/inst/synth_top_writeResult_U0/grp_synth_top_classifyPoly_fu_149/j_reg_2400                                                              |                                                                                                                                                                                                                                                                                                   |                1 |              6 |
|  smo_linear_system_i/processing_system7_0/inst/FCLK_CLK0 | smo_linear_system_i/synth_top_0/inst/synth_top_writeResult_U0/grp_synth_top_classifyLinear_fu_193/i_reg_6240                                                            |                                                                                                                                                                                                                                                                                                   |                1 |              6 |
|  smo_linear_system_i/processing_system7_0/inst/FCLK_CLK0 | smo_linear_system_i/synth_top_0/inst/synth_top_writeResult_U0/grp_synth_top_classifyPoly_fu_149/tmp_2_reg_420_reg0                                                      |                                                                                                                                                                                                                                                                                                   |                1 |              6 |
|  smo_linear_system_i/processing_system7_0/inst/FCLK_CLK0 | smo_linear_system_i/synth_top_0/inst/synth_top_writeResult_U0/grp_synth_top_classifyLinear_fu_193/tmp_reg_550_reg0                                                      |                                                                                                                                                                                                                                                                                                   |                2 |              6 |
|  smo_linear_system_i/processing_system7_0/inst/FCLK_CLK0 | smo_linear_system_i/synth_top_0/inst/synth_top_writeResult_U0/grp_synth_top_classifyPoly_fu_149/i_reg_2170                                                              | smo_linear_system_i/synth_top_0/inst/synth_top_writeResult_U0/grp_synth_top_classifyPoly_fu_149/i_reg_217                                                                                                                                                                                         |                1 |              6 |
|  smo_linear_system_i/processing_system7_0/inst/FCLK_CLK0 | smo_linear_system_i/synth_top_0/inst/synth_top_writeResult_U0/grp_synth_top_classifyPoly_fu_149/i_1_reg_228[5]_i_2_n_4                                                  | smo_linear_system_i/synth_top_0/inst/synth_top_writeResult_U0/grp_synth_top_classifyPoly_fu_149/i_1_reg_2280                                                                                                                                                                                      |                2 |              6 |
|  smo_linear_system_i/processing_system7_0/inst/FCLK_CLK0 | smo_linear_system_i/synth_top_0/inst/synth_top_writeResult_U0/grp_synth_top_classifyPoly_fu_149/ap_sig_bdd_457                                                          | smo_linear_system_i/synth_top_0/inst/synth_top_writeResult_U0/grp_synth_top_classifyPoly_fu_149/j_reg_240[5]_i_1_n_4                                                                                                                                                                              |                1 |              6 |
|  smo_linear_system_i/processing_system7_0/inst/FCLK_CLK0 | smo_linear_system_i/rst_processing_system7_0_100M/U0/SEQ/seq_cnt_en                                                                                                     | smo_linear_system_i/rst_processing_system7_0_100M/U0/SEQ/SEQ_COUNTER/clear                                                                                                                                                                                                                        |                1 |              6 |
|  smo_linear_system_i/processing_system7_0/inst/FCLK_CLK0 |                                                                                                                                                                         | smo_linear_system_i/synth_top_0/inst/synth_top_writeResult_U0/grp_synth_top_classifyPoly_fu_149/synth_top_fmul_32ns_32ns_32_4_max_dsp_U25/synth_top_ap_fmul_2_max_dsp_32_u/U0/i_synth/MULT.OP/EXP/SIG_DELAY/i_pipe/p_27_out                                                                       |                2 |              7 |
|  smo_linear_system_i/processing_system7_0/inst/FCLK_CLK0 |                                                                                                                                                                         | smo_linear_system_i/synth_top_0/inst/synth_top_writeResult_U0/grp_synth_top_classifyPoly_fu_149/synth_top_dexp_64ns_64ns_64_18_full_dsp_U31/synth_top_ap_dexp_16_full_dsp_64_u/U0/i_synth/EXP_OP.OP/i_shift_to_fixed/ALIGN_SHIFT/MUX_LOOP[2].DEL_SHIFT/i_pipe/opt_has_pipe.first_q[49]_i_1__0_n_4 |                6 |              7 |
|  smo_linear_system_i/processing_system7_0/inst/FCLK_CLK0 |                                                                                                                                                                         | smo_linear_system_i/processing_system7_0_axi_periph/s00_couplers/auto_pc/inst/gen_axilite.gen_b2s_conv.axilite_b2s/SI_REG/ar_pipe/SR[0]                                                                                                                                                           |                4 |              8 |
|  smo_linear_system_i/processing_system7_0/inst/FCLK_CLK0 | smo_linear_system_i/processing_system7_0_axi_periph/s00_couplers/auto_pc/inst/gen_axilite.gen_b2s_conv.axilite_b2s/WR.b_channel_0/mhandshake_r                          | smo_linear_system_i/processing_system7_0_axi_periph/s00_couplers/auto_pc/inst/gen_axilite.gen_b2s_conv.axilite_b2s/WR.b_channel_0/bid_fifo_0/SR[0]                                                                                                                                                |                2 |              8 |
|  smo_linear_system_i/processing_system7_0/inst/FCLK_CLK0 |                                                                                                                                                                         | smo_linear_system_i/synth_top_0/inst/synth_top_writeResult_U0/grp_synth_top_classifyLinear_fu_193/y_value_load_phi_reg_883_reg[63]_i_6                                                                                                                                                            |                7 |              8 |
|  smo_linear_system_i/processing_system7_0/inst/FCLK_CLK0 |                                                                                                                                                                         | smo_linear_system_i/synth_top_0/inst/synth_top_writeResult_U0/grp_synth_top_classifyPoly_fu_149/synth_top_dexp_64ns_64ns_64_18_full_dsp_U31/synth_top_ap_dexp_16_full_dsp_64_u/U0/i_synth/EXP_OP.OP/i_shift_to_fixed/ALIGN_SHIFT/MUX_LOOP[2].DEL_SHIFT/i_pipe/opt_has_pipe.first_q[58]_i_1_n_4    |                2 |              8 |
|  smo_linear_system_i/processing_system7_0/inst/FCLK_CLK0 |                                                                                                                                                                         | smo_linear_system_i/synth_top_0/inst/synth_top_writeResult_U0/svNonZeroFeature_load_reg_435_reg[31]_i_2                                                                                                                                                                                           |               10 |             10 |
|  smo_linear_system_i/processing_system7_0/inst/FCLK_CLK0 |                                                                                                                                                                         | smo_linear_system_i/synth_top_0/inst/synth_top_writeResult_U0/grp_synth_top_classifyPoly_fu_149/synth_top_dexp_64ns_64ns_64_18_full_dsp_U31/synth_top_ap_dexp_16_full_dsp_64_u/U0/i_synth/EXP_OP.OP/i_special_detect/specialcase_delay_balance/i_pipe/opt_has_pipe.first_q_reg[61]_0              |                5 |             10 |
|  smo_linear_system_i/processing_system7_0/inst/FCLK_CLK0 |                                                                                                                                                                         | smo_linear_system_i/synth_top_0/inst/synth_top_writeResult_U0/grp_synth_top_classifyLinear_fu_193/synth_top_dmul_64ns_64ns_64_6_max_dsp_U55/synth_top_ap_dmul_4_max_dsp_64_u/U0/i_synth/MULT.OP/EXP/STATE_DELAY/i_pipe/RESULT_REG.NORMAL.exp_op_reg[10]                                           |                5 |             11 |
|  smo_linear_system_i/processing_system7_0/inst/FCLK_CLK0 |                                                                                                                                                                         | smo_linear_system_i/synth_top_0/inst/synth_top_writeResult_U0/grp_synth_top_classifyPoly_fu_149/grp_synth_top_dotProduct_fu_253/synth_top_dmul_64ns_64ns_64_6_max_dsp_U3/synth_top_ap_dmul_4_max_dsp_64_u/U0/i_synth/MULT.OP/EXP/STATE_DELAY/i_pipe/RESULT_REG.NORMAL.exp_op_reg[10]              |                4 |             11 |
|  smo_linear_system_i/processing_system7_0/inst/FCLK_CLK0 |                                                                                                                                                                         | smo_linear_system_i/synth_top_0/inst/synth_top_writeResult_U0/grp_synth_top_classifyPoly_fu_149/synth_top_dmul_64ns_64ns_64_6_max_dsp_U29/synth_top_ap_dmul_4_max_dsp_64_u/U0/i_synth/MULT.OP/EXP/STATE_DELAY/i_pipe/RESULT_REG.NORMAL.exp_op_reg[10]                                             |                3 |             11 |
|  smo_linear_system_i/processing_system7_0/inst/FCLK_CLK0 | smo_linear_system_i/processing_system7_0_axi_periph/s00_couplers/auto_pc/inst/gen_axilite.gen_b2s_conv.axilite_b2s/RD.ar_channel_0/ar_cmd_fsm_0/axaddr_incr_reg[0]      |                                                                                                                                                                                                                                                                                                   |                3 |             12 |
|  smo_linear_system_i/processing_system7_0/inst/FCLK_CLK0 | smo_linear_system_i/processing_system7_0_axi_periph/s00_couplers/auto_pc/inst/gen_axilite.gen_b2s_conv.axilite_b2s/RD.ar_channel_0/ar_cmd_fsm_0/E[0]                    |                                                                                                                                                                                                                                                                                                   |                5 |             12 |
|  smo_linear_system_i/processing_system7_0/inst/FCLK_CLK0 | smo_linear_system_i/processing_system7_0_axi_periph/s00_couplers/auto_pc/inst/gen_axilite.gen_b2s_conv.axilite_b2s/WR.aw_channel_0/aw_cmd_fsm_0/axaddr_wrap_reg[0][0]   |                                                                                                                                                                                                                                                                                                   |                5 |             12 |
|  smo_linear_system_i/processing_system7_0/inst/FCLK_CLK0 | smo_linear_system_i/processing_system7_0_axi_periph/s00_couplers/auto_pc/inst/gen_axilite.gen_b2s_conv.axilite_b2s/RD.ar_channel_0/ar_cmd_fsm_0/axaddr_wrap_reg[0][0]   |                                                                                                                                                                                                                                                                                                   |                4 |             12 |
|  smo_linear_system_i/processing_system7_0/inst/FCLK_CLK0 | smo_linear_system_i/processing_system7_0_axi_periph/s00_couplers/auto_pc/inst/gen_axilite.gen_b2s_conv.axilite_b2s/WR.aw_channel_0/aw_cmd_fsm_0/axaddr_incr_reg[0]      |                                                                                                                                                                                                                                                                                                   |                3 |             12 |
|  smo_linear_system_i/processing_system7_0/inst/FCLK_CLK0 | smo_linear_system_i/synth_top_0/inst/synth_top_writeResult_U0/grp_synth_top_classifyPoly_fu_149/grp_synth_top_dotProduct_fu_253/dot_reg_3900                            |                                                                                                                                                                                                                                                                                                   |                2 |             12 |
|  smo_linear_system_i/processing_system7_0/inst/FCLK_CLK0 | smo_linear_system_i/processing_system7_0_axi_periph/s00_couplers/auto_pc/inst/gen_axilite.gen_b2s_conv.axilite_b2s/WR.aw_channel_0/aw_cmd_fsm_0/E[0]                    |                                                                                                                                                                                                                                                                                                   |                5 |             12 |
|  smo_linear_system_i/processing_system7_0/inst/FCLK_CLK0 |                                                                                                                                                                         | smo_linear_system_i/processing_system7_0_axi_periph/xbar/inst/gen_sasd.crossbar_sasd_0/addr_arbiter_inst/SR[0]                                                                                                                                                                                    |                6 |             13 |
|  smo_linear_system_i/processing_system7_0/inst/FCLK_CLK0 | smo_linear_system_i/processing_system7_0_axi_periph/s00_couplers/auto_pc/inst/gen_axilite.gen_b2s_conv.axilite_b2s/RD.r_channel_0/r_push_r                              |                                                                                                                                                                                                                                                                                                   |                4 |             13 |
|  smo_linear_system_i/processing_system7_0/inst/FCLK_CLK0 | smo_linear_system_i/processing_system7_0_axi_periph/s00_couplers/auto_pc/inst/gen_axilite.gen_b2s_conv.axilite_b2s/SI_REG/b_pipe/p_1_in                                 |                                                                                                                                                                                                                                                                                                   |                3 |             14 |
|  smo_linear_system_i/processing_system7_0/inst/FCLK_CLK0 | smo_linear_system_i/processing_system7_0_axi_periph/s00_couplers/auto_pc/inst/gen_axilite.gen_b2s_conv.axilite_b2s/SI_REG/b_pipe/skid_buffer_reg[0]_0                   |                                                                                                                                                                                                                                                                                                   |                3 |             14 |
|  smo_linear_system_i/processing_system7_0/inst/FCLK_CLK0 |                                                                                                                                                                         | smo_linear_system_i/start_comp/U0/AXI_LITE_IPIF_I/I_SLAVE_ATTACHMENT/SR                                                                                                                                                                                                                           |                5 |             15 |
|  smo_linear_system_i/processing_system7_0/inst/FCLK_CLK0 |                                                                                                                                                                         | smo_linear_system_i/finish_comp/U0/AXI_LITE_IPIF_I/I_SLAVE_ATTACHMENT/SR                                                                                                                                                                                                                          |                5 |             16 |
|  smo_linear_system_i/processing_system7_0/inst/FCLK_CLK0 | smo_linear_system_i/synth_top_0/inst/synth_top_smo_io_s_axi_U/waddr[16]_i_1_n_4                                                                                         |                                                                                                                                                                                                                                                                                                   |                7 |             17 |
|  smo_linear_system_i/processing_system7_0/inst/FCLK_CLK0 | smo_linear_system_i/processing_system7_0_axi_periph/s00_couplers/auto_pc/inst/gen_axilite.gen_b2s_conv.axilite_b2s/WR.aw_channel_0/aw_cmd_fsm_0/m_payload_i_reg[0]      |                                                                                                                                                                                                                                                                                                   |                4 |             20 |
|  smo_linear_system_i/processing_system7_0/inst/FCLK_CLK0 |                                                                                                                                                                         | smo_linear_system_i/synth_top_0/inst/synth_top_smo_io_s_axi_U/int_lambda/rdata_reg[31]_i_17                                                                                                                                                                                                       |               11 |             21 |
|  smo_linear_system_i/processing_system7_0/inst/FCLK_CLK0 |                                                                                                                                                                         | smo_linear_system_i/synth_top_0/inst/synth_top_writeResult_U0/grp_synth_top_classifyPoly_fu_149/synth_top_fmul_32ns_32ns_32_4_max_dsp_U25/synth_top_ap_fmul_2_max_dsp_32_u/U0/i_synth/MULT.OP/EXP/SIG_DELAY/i_pipe/p_2_out                                                                        |                5 |             22 |
|  smo_linear_system_i/processing_system7_0/inst/FCLK_CLK0 | smo_linear_system_i/synth_top_0/inst/synth_top_writeResult_U0/grp_synth_top_classifyPoly_fu_149/ap_sig_bdd_331                                                          |                                                                                                                                                                                                                                                                                                   |                7 |             32 |
|  smo_linear_system_i/processing_system7_0/inst/FCLK_CLK0 | smo_linear_system_i/synth_top_0/a2_reg_872_reg[31]_i_6_n_4                                                                                                              |                                                                                                                                                                                                                                                                                                   |                9 |             32 |
|  smo_linear_system_i/processing_system7_0/inst/FCLK_CLK0 | smo_linear_system_i/synth_top_0/a2_reg_872_reg[31]_i_12_n_4                                                                                                             |                                                                                                                                                                                                                                                                                                   |                9 |             32 |
|  smo_linear_system_i/processing_system7_0/inst/FCLK_CLK0 | smo_linear_system_i/synth_top_0/inst/synth_top_smo_io_s_axi_U/rdata[31]_i_1_n_4                                                                                         |                                                                                                                                                                                                                                                                                                   |               17 |             32 |
|  smo_linear_system_i/processing_system7_0/inst/FCLK_CLK0 | smo_linear_system_i/synth_top_0/inst/synth_top_writeResult_U0/grp_synth_top_classifyPoly_fu_149/ap_sig_bdd_349                                                          |                                                                                                                                                                                                                                                                                                   |               13 |             32 |
|  smo_linear_system_i/processing_system7_0/inst/FCLK_CLK0 | smo_linear_system_i/synth_top_0/a2_reg_872_reg[31]_i_10_n_4                                                                                                             |                                                                                                                                                                                                                                                                                                   |                7 |             32 |
|  smo_linear_system_i/processing_system7_0/inst/FCLK_CLK0 | smo_linear_system_i/synth_top_0/inst/synth_top_writeResult_U0/grp_synth_top_classifyLinear_fu_193/ap_sig_bdd_229                                                        |                                                                                                                                                                                                                                                                                                   |               11 |             32 |
|  smo_linear_system_i/processing_system7_0/inst/FCLK_CLK0 | smo_linear_system_i/synth_top_0/inst/synth_top_writeResult_U0/grp_synth_top_classifyPoly_fu_149/grp_synth_top_dotProduct_fu_253/E[0]                                    |                                                                                                                                                                                                                                                                                                   |                8 |             32 |
|  smo_linear_system_i/processing_system7_0/inst/FCLK_CLK0 | smo_linear_system_i/synth_top_0/a1_reg_866_reg[31]_i_8_n_4                                                                                                              |                                                                                                                                                                                                                                                                                                   |               10 |             32 |
|  smo_linear_system_i/processing_system7_0/inst/FCLK_CLK0 | smo_linear_system_i/synth_top_0/a1_reg_866_reg[31]_i_6_n_4                                                                                                              |                                                                                                                                                                                                                                                                                                   |               13 |             32 |
|  smo_linear_system_i/processing_system7_0/inst/FCLK_CLK0 | smo_linear_system_i/synth_top_0/a1_reg_866_reg[31]_i_12_n_4                                                                                                             |                                                                                                                                                                                                                                                                                                   |                8 |             32 |
|  smo_linear_system_i/processing_system7_0/inst/FCLK_CLK0 | smo_linear_system_i/synth_top_0/inst/synth_top_smo_io_s_axi_U/p_1_out[31]                                                                                               |                                                                                                                                                                                                                                                                                                   |                6 |             32 |
|  smo_linear_system_i/processing_system7_0/inst/FCLK_CLK0 | smo_linear_system_i/synth_top_0/inst/synth_top_writeResult_U0/grp_synth_top_classifyPoly_fu_149/grp_synth_top_dotProduct_fu_253/t1_reg_9080                             |                                                                                                                                                                                                                                                                                                   |               10 |             32 |
|  smo_linear_system_i/processing_system7_0/inst/FCLK_CLK0 | smo_linear_system_i/synth_top_0/a1_reg_866_reg[31]_i_10_n_4                                                                                                             |                                                                                                                                                                                                                                                                                                   |                7 |             32 |
|  smo_linear_system_i/processing_system7_0/inst/FCLK_CLK0 | smo_linear_system_i/synth_top_0/a2_reg_872_reg[31]_i_8_n_4                                                                                                              |                                                                                                                                                                                                                                                                                                   |               10 |             32 |
|  smo_linear_system_i/processing_system7_0/inst/FCLK_CLK0 | smo_linear_system_i/processing_system7_0_axi_periph/xbar/inst/gen_sasd.crossbar_sasd_0/addr_arbiter_inst/p_0_in1_in                                                     | smo_linear_system_i/processing_system7_0_axi_periph/xbar/inst/gen_sasd.crossbar_sasd_0/addr_arbiter_inst/SR[0]                                                                                                                                                                                    |               14 |             32 |
|  smo_linear_system_i/processing_system7_0/inst/FCLK_CLK0 | smo_linear_system_i/synth_top_0/nonZeroFeature_load_reg_440_reg[31]_i_2_n_4                                                                                             |                                                                                                                                                                                                                                                                                                   |                9 |             32 |
|  smo_linear_system_i/processing_system7_0/inst/FCLK_CLK0 | smo_linear_system_i/synth_top_0/rdata_reg[31]_i_115_n_4                                                                                                                 |                                                                                                                                                                                                                                                                                                   |               18 |             32 |
|  smo_linear_system_i/processing_system7_0/inst/FCLK_CLK0 | smo_linear_system_i/synth_top_0/rdata_reg[31]_i_17_n_4                                                                                                                  |                                                                                                                                                                                                                                                                                                   |               12 |             32 |
|  smo_linear_system_i/processing_system7_0/inst/FCLK_CLK0 | smo_linear_system_i/synth_top_0/rdata_reg[31]_i_30_n_4                                                                                                                  |                                                                                                                                                                                                                                                                                                   |               13 |             32 |
|  smo_linear_system_i/processing_system7_0/inst/FCLK_CLK0 | smo_linear_system_i/synth_top_0/rdata_reg[31]_i_32_n_4                                                                                                                  |                                                                                                                                                                                                                                                                                                   |               13 |             32 |
|  smo_linear_system_i/processing_system7_0/inst/FCLK_CLK0 | smo_linear_system_i/synth_top_0/rdata_reg[31]_i_44_n_4                                                                                                                  |                                                                                                                                                                                                                                                                                                   |               13 |             32 |
|  smo_linear_system_i/processing_system7_0/inst/FCLK_CLK0 | smo_linear_system_i/synth_top_0/rdata_reg[31]_i_54_n_4                                                                                                                  |                                                                                                                                                                                                                                                                                                   |               14 |             32 |
|  smo_linear_system_i/processing_system7_0/inst/FCLK_CLK0 | smo_linear_system_i/synth_top_0/rdata_reg[31]_i_66_n_4                                                                                                                  |                                                                                                                                                                                                                                                                                                   |               16 |             32 |
|  smo_linear_system_i/processing_system7_0/inst/FCLK_CLK0 | smo_linear_system_i/synth_top_0/rdata_reg[31]_i_69_n_4                                                                                                                  |                                                                                                                                                                                                                                                                                                   |               16 |             32 |
|  smo_linear_system_i/processing_system7_0/inst/FCLK_CLK0 | smo_linear_system_i/synth_top_0/rdata_reg[31]_i_88_n_4                                                                                                                  |                                                                                                                                                                                                                                                                                                   |               21 |             32 |
|  smo_linear_system_i/processing_system7_0/inst/FCLK_CLK0 | smo_linear_system_i/synth_top_0/rdata_reg[7]_i_14_n_4                                                                                                                   |                                                                                                                                                                                                                                                                                                   |               14 |             32 |
|  smo_linear_system_i/processing_system7_0/inst/FCLK_CLK0 | smo_linear_system_i/synth_top_0/svNonZeroFeature_load_reg_435_reg[31]_i_2_n_4                                                                                           |                                                                                                                                                                                                                                                                                                   |                8 |             32 |
|  smo_linear_system_i/processing_system7_0/inst/FCLK_CLK0 | smo_linear_system_i/synth_top_0/inst/synth_top_writeResult_U0/grp_synth_top_classifyLinear_fu_193/Q[1]                                                                  |                                                                                                                                                                                                                                                                                                   |               11 |             33 |
|  smo_linear_system_i/processing_system7_0/inst/FCLK_CLK0 | smo_linear_system_i/processing_system7_0_axi_periph/s00_couplers/auto_pc/inst/gen_axilite.gen_b2s_conv.axilite_b2s/RD.r_channel_0/rd_data_fifo_0/wr_en0                 |                                                                                                                                                                                                                                                                                                   |                9 |             34 |
|  smo_linear_system_i/processing_system7_0/inst/FCLK_CLK0 | smo_linear_system_i/processing_system7_0_axi_periph/xbar/inst/gen_sasd.crossbar_sasd_0/reg_slice_r/aa_rready                                                            |                                                                                                                                                                                                                                                                                                   |                9 |             35 |
|  smo_linear_system_i/processing_system7_0/inst/FCLK_CLK0 | smo_linear_system_i/processing_system7_0_axi_periph/xbar/inst/gen_sasd.crossbar_sasd_0/addr_arbiter_inst/E[0]                                                           |                                                                                                                                                                                                                                                                                                   |                7 |             35 |
|  smo_linear_system_i/processing_system7_0/inst/FCLK_CLK0 | smo_linear_system_i/processing_system7_0_axi_periph/s00_couplers/auto_pc/inst/gen_axilite.gen_b2s_conv.axilite_b2s/SI_REG/r_pipe/p_1_in                                 |                                                                                                                                                                                                                                                                                                   |               10 |             47 |
|  smo_linear_system_i/processing_system7_0/inst/FCLK_CLK0 | smo_linear_system_i/processing_system7_0_axi_periph/s00_couplers/auto_pc/inst/gen_axilite.gen_b2s_conv.axilite_b2s/SI_REG/r_pipe/skid_buffer_reg[0]_0                   |                                                                                                                                                                                                                                                                                                   |               10 |             47 |
|  smo_linear_system_i/processing_system7_0/inst/FCLK_CLK0 |                                                                                                                                                                         | smo_linear_system_i/synth_top_0/inst/synth_top_writeResult_U0/grp_synth_top_classifyPoly_fu_149/synth_top_dexp_64ns_64ns_64_18_full_dsp_U31/synth_top_ap_dexp_16_full_dsp_64_u/U0/i_synth/EXP_OP.OP/i_special_detect/specialcase_delay_balance/i_pipe/opt_has_pipe.first_q_reg[50]_1              |               11 |             51 |
|  smo_linear_system_i/processing_system7_0/inst/FCLK_CLK0 |                                                                                                                                                                         | smo_linear_system_i/synth_top_0/inst/synth_top_writeResult_U0/grp_synth_top_classifyLinear_fu_193/synth_top_dmul_64ns_64ns_64_6_max_dsp_U55/synth_top_ap_dmul_4_max_dsp_64_u/U0/i_synth/MULT.OP/EXP/SIG_DELAY/i_pipe/p_2_out                                                                      |               16 |             51 |
|  smo_linear_system_i/processing_system7_0/inst/FCLK_CLK0 |                                                                                                                                                                         | smo_linear_system_i/synth_top_0/inst/synth_top_writeResult_U0/grp_synth_top_classifyPoly_fu_149/grp_synth_top_dotProduct_fu_253/synth_top_dmul_64ns_64ns_64_6_max_dsp_U3/synth_top_ap_dmul_4_max_dsp_64_u/U0/i_synth/MULT.OP/EXP/SIG_DELAY/i_pipe/p_2_out                                         |               10 |             51 |
|  smo_linear_system_i/processing_system7_0/inst/FCLK_CLK0 |                                                                                                                                                                         | smo_linear_system_i/synth_top_0/inst/synth_top_writeResult_U0/grp_synth_top_classifyPoly_fu_149/synth_top_dmul_64ns_64ns_64_6_max_dsp_U29/synth_top_ap_dmul_4_max_dsp_64_u/U0/i_synth/MULT.OP/EXP/SIG_DELAY/i_pipe/p_2_out                                                                        |               12 |             51 |
|  smo_linear_system_i/processing_system7_0/inst/FCLK_CLK0 | smo_linear_system_i/processing_system7_0_axi_periph/s00_couplers/auto_pc/inst/gen_axilite.gen_b2s_conv.axilite_b2s/WR.aw_channel_0/aw_cmd_fsm_0/m_payload_i_reg[0]_0[0] |                                                                                                                                                                                                                                                                                                   |               13 |             52 |
|  smo_linear_system_i/processing_system7_0/inst/FCLK_CLK0 | smo_linear_system_i/processing_system7_0_axi_periph/s00_couplers/auto_pc/inst/gen_axilite.gen_b2s_conv.axilite_b2s/SI_REG/aw_pipe/skid_buffer_reg[0]_0                  |                                                                                                                                                                                                                                                                                                   |               12 |             52 |
|  smo_linear_system_i/processing_system7_0/inst/FCLK_CLK0 | smo_linear_system_i/processing_system7_0_axi_periph/s00_couplers/auto_pc/inst/gen_axilite.gen_b2s_conv.axilite_b2s/SI_REG/ar_pipe/skid_buffer_reg[0]_0                  |                                                                                                                                                                                                                                                                                                   |               15 |             52 |
|  smo_linear_system_i/processing_system7_0/inst/FCLK_CLK0 | smo_linear_system_i/processing_system7_0_axi_periph/s00_couplers/auto_pc/inst/gen_axilite.gen_b2s_conv.axilite_b2s/RD.ar_channel_0/ar_cmd_fsm_0/m_payload_i_reg[0][0]   |                                                                                                                                                                                                                                                                                                   |               15 |             52 |
|  smo_linear_system_i/processing_system7_0/inst/FCLK_CLK0 | smo_linear_system_i/synth_top_0/inst/synth_top_writeResult_U0/grp_synth_top_classifyLinear_fu_193/dot_0_i_reg_288[63]_i_1_n_4                                           | smo_linear_system_i/synth_top_0/inst/synth_top_smo_io_s_axi_U/int_nonZeroFeature/SR[0]                                                                                                                                                                                                            |               28 |             64 |
|  smo_linear_system_i/processing_system7_0/inst/FCLK_CLK0 | smo_linear_system_i/synth_top_0/inst/synth_top_writeResult_U0/grp_synth_top_classifyPoly_fu_149/ap_sig_bdd_258                                                          |                                                                                                                                                                                                                                                                                                   |               17 |             64 |
|  smo_linear_system_i/processing_system7_0/inst/FCLK_CLK0 | smo_linear_system_i/synth_top_0/inst/synth_top_writeResult_U0/grp_synth_top_classifyPoly_fu_149/ap_sig_bdd_312                                                          |                                                                                                                                                                                                                                                                                                   |               16 |             64 |
|  smo_linear_system_i/processing_system7_0/inst/FCLK_CLK0 | smo_linear_system_i/synth_top_0/inst/synth_top_writeResult_U0/grp_synth_top_classifyLinear_fu_193/ap_sig_bdd_220                                                        | smo_linear_system_i/synth_top_0/inst/synth_top_smo_io_s_axi_U/int_nonZeroFeature/SR[0]                                                                                                                                                                                                            |               24 |             64 |
|  smo_linear_system_i/processing_system7_0/inst/FCLK_CLK0 | smo_linear_system_i/synth_top_0/inst/synth_top_writeResult_U0/grp_synth_top_classifyPoly_fu_149/ap_sig_bdd_340                                                          |                                                                                                                                                                                                                                                                                                   |               28 |             64 |
|  smo_linear_system_i/processing_system7_0/inst/FCLK_CLK0 | smo_linear_system_i/synth_top_0/inst/synth_top_writeResult_U0/grp_synth_top_classifyPoly_fu_149/grp_synth_top_dotProduct_fu_253/tmp_24_reg_9130                         |                                                                                                                                                                                                                                                                                                   |               19 |             64 |
|  smo_linear_system_i/processing_system7_0/inst/FCLK_CLK0 | smo_linear_system_i/synth_top_0/inst/synth_top_writeResult_U0/grp_synth_top_classifyPoly_fu_149/ap_sig_bdd_358                                                          |                                                                                                                                                                                                                                                                                                   |               22 |             64 |
|  smo_linear_system_i/processing_system7_0/inst/FCLK_CLK0 | smo_linear_system_i/synth_top_0/y_value_load_phi_reg_883_reg[63]_i_10_n_4                                                                                               |                                                                                                                                                                                                                                                                                                   |               15 |             64 |
|  smo_linear_system_i/processing_system7_0/inst/FCLK_CLK0 | smo_linear_system_i/synth_top_0/inst/synth_top_writeResult_U0/grp_synth_top_classifyPoly_fu_149/ap_sig_bdd_380                                                          |                                                                                                                                                                                                                                                                                                   |               17 |             64 |
|  smo_linear_system_i/processing_system7_0/inst/FCLK_CLK0 | smo_linear_system_i/synth_top_0/y_value_load_phi_reg_883_reg[63]_i_12_n_4                                                                                               |                                                                                                                                                                                                                                                                                                   |               22 |             64 |
|  smo_linear_system_i/processing_system7_0/inst/FCLK_CLK0 | smo_linear_system_i/synth_top_0/inst/synth_top_writeResult_U0/grp_synth_top_classifyPoly_fu_149/reg_3370                                                                |                                                                                                                                                                                                                                                                                                   |               20 |             64 |
|  smo_linear_system_i/processing_system7_0/inst/FCLK_CLK0 | smo_linear_system_i/synth_top_0/y_value_load_phi_reg_883_reg[63]_i_6_n_4                                                                                                |                                                                                                                                                                                                                                                                                                   |               16 |             64 |
|  smo_linear_system_i/processing_system7_0/inst/FCLK_CLK0 | smo_linear_system_i/synth_top_0/rdata_reg[31]_i_106_n_4                                                                                                                 |                                                                                                                                                                                                                                                                                                   |               38 |             64 |
|  smo_linear_system_i/processing_system7_0/inst/FCLK_CLK0 | smo_linear_system_i/synth_top_0/lambda_load_reg_475_reg[63]_i_2_n_4                                                                                                     |                                                                                                                                                                                                                                                                                                   |               16 |             64 |
|  smo_linear_system_i/processing_system7_0/inst/FCLK_CLK0 | smo_linear_system_i/synth_top_0/y_value_load_phi_reg_883_reg[63]_i_8_n_4                                                                                                |                                                                                                                                                                                                                                                                                                   |               22 |             64 |
|  smo_linear_system_i/processing_system7_0/inst/FCLK_CLK0 | smo_linear_system_i/synth_top_0/output_load_reg_485_reg[63]_i_2_n_4                                                                                                     |                                                                                                                                                                                                                                                                                                   |               19 |             64 |
|  smo_linear_system_i/processing_system7_0/inst/FCLK_CLK0 | smo_linear_system_i/synth_top_0/rdata_reg[31]_i_103_n_4                                                                                                                 |                                                                                                                                                                                                                                                                                                   |               35 |             64 |
|  smo_linear_system_i/processing_system7_0/inst/FCLK_CLK0 | smo_linear_system_i/synth_top_0/inst/synth_top_writeResult_U0/grp_synth_top_classifyPoly_fu_149/grp_synth_top_dotProduct_fu_253/dot_2_reg_9180                          |                                                                                                                                                                                                                                                                                                   |               15 |             64 |
|  smo_linear_system_i/processing_system7_0/inst/FCLK_CLK0 | smo_linear_system_i/synth_top_0/inst/synth_top_writeResult_U0/grp_synth_top_classifyPoly_fu_149/grp_synth_top_dotProduct_fu_253/ap_sig_bdd_266                          | smo_linear_system_i/synth_top_0/inst/synth_top_writeResult_U0/grp_synth_top_classifyPoly_fu_149/grp_synth_top_dotProduct_fu_253/dot_reg_3900                                                                                                                                                      |               24 |             64 |
|  smo_linear_system_i/processing_system7_0/inst/FCLK_CLK0 | smo_linear_system_i/synth_top_0/rdata_reg[31]_i_35_n_4                                                                                                                  |                                                                                                                                                                                                                                                                                                   |               20 |             64 |
|  smo_linear_system_i/processing_system7_0/inst/FCLK_CLK0 | smo_linear_system_i/synth_top_0/rdata_reg[31]_i_40_n_4                                                                                                                  |                                                                                                                                                                                                                                                                                                   |               24 |             64 |
|  smo_linear_system_i/processing_system7_0/inst/FCLK_CLK0 | smo_linear_system_i/synth_top_0/inst/synth_top_writeResult_U0/grp_synth_top_classifyLinear_fu_193/tmp_9_reg_6650                                                        |                                                                                                                                                                                                                                                                                                   |               26 |             64 |
|  smo_linear_system_i/processing_system7_0/inst/FCLK_CLK0 | smo_linear_system_i/synth_top_0/inst/synth_top_writeResult_U0/grp_synth_top_classifyPoly_fu_149/grp_synth_top_dotProduct_fu_253/dot_reg_390[63]_i_1_n_4                 | smo_linear_system_i/synth_top_0/inst/synth_top_writeResult_U0/grp_synth_top_classifyPoly_fu_149/grp_synth_top_dotProduct_fu_253/dot_reg_3900                                                                                                                                                      |               19 |             64 |
|  smo_linear_system_i/processing_system7_0/inst/FCLK_CLK0 | smo_linear_system_i/synth_top_0/inst/synth_top_writeResult_U0/grp_synth_top_classifyPoly_fu_149/grp_synth_top_dotProduct_fu_253/p_0_reg_4020                            | smo_linear_system_i/synth_top_0/inst/synth_top_writeResult_U0/grp_synth_top_classifyPoly_fu_149/grp_synth_top_dotProduct_fu_253/p_0_reg_402_0                                                                                                                                                     |               20 |             64 |
|  smo_linear_system_i/processing_system7_0/inst/FCLK_CLK0 | smo_linear_system_i/synth_top_0/rdata_reg[31]_i_75_n_4                                                                                                                  |                                                                                                                                                                                                                                                                                                   |               25 |             64 |
|  smo_linear_system_i/processing_system7_0/inst/FCLK_CLK0 | smo_linear_system_i/synth_top_0/rdata_reg[31]_i_79_n_4                                                                                                                  |                                                                                                                                                                                                                                                                                                   |               30 |             64 |
|  smo_linear_system_i/processing_system7_0/inst/FCLK_CLK0 | smo_linear_system_i/synth_top_0/rdata_reg[31]_i_81_n_4                                                                                                                  |                                                                                                                                                                                                                                                                                                   |               25 |             64 |
|  smo_linear_system_i/processing_system7_0/inst/FCLK_CLK0 | smo_linear_system_i/synth_top_0/rdata_reg[31]_i_85_n_4                                                                                                                  |                                                                                                                                                                                                                                                                                                   |               29 |             64 |
|  smo_linear_system_i/processing_system7_0/inst/FCLK_CLK0 | smo_linear_system_i/synth_top_0/inst/synth_top_writeResult_U0/grp_synth_top_classifyLinear_fu_193/p_0_i_reg_3000                                                        | smo_linear_system_i/synth_top_0/inst/synth_top_writeResult_U0/grp_synth_top_classifyLinear_fu_193/p_0_i_reg_300                                                                                                                                                                                   |               16 |             64 |
|  smo_linear_system_i/processing_system7_0/inst/FCLK_CLK0 | smo_linear_system_i/synth_top_0/rdata_reg[31]_i_91_n_4                                                                                                                  |                                                                                                                                                                                                                                                                                                   |               34 |             64 |
|  smo_linear_system_i/processing_system7_0/inst/FCLK_CLK0 | smo_linear_system_i/synth_top_0/rdata_reg[31]_i_94_n_4                                                                                                                  |                                                                                                                                                                                                                                                                                                   |               24 |             64 |
|  smo_linear_system_i/processing_system7_0/inst/FCLK_CLK0 | smo_linear_system_i/synth_top_0/rdata_reg[31]_i_97_n_4                                                                                                                  |                                                                                                                                                                                                                                                                                                   |               20 |             64 |
|  smo_linear_system_i/processing_system7_0/inst/FCLK_CLK0 | smo_linear_system_i/synth_top_0/inst/synth_top_writeResult_U0/grp_synth_top_classifyLinear_fu_193/dot_reg_6700                                                          |                                                                                                                                                                                                                                                                                                   |               13 |             64 |
|  smo_linear_system_i/processing_system7_0/inst/FCLK_CLK0 | smo_linear_system_i/synth_top_0/inst/synth_top_writeResult_U0/grp_synth_top_classifyPoly_fu_149/grp_synth_top_dotProduct_fu_253/tmp_23_reg_9030                         |                                                                                                                                                                                                                                                                                                   |               17 |             64 |
|  smo_linear_system_i/processing_system7_0/inst/FCLK_CLK0 | smo_linear_system_i/synth_top_0/weight_load_reg_650_reg[63]_i_2_n_4                                                                                                     |                                                                                                                                                                                                                                                                                                   |               15 |             64 |
|  smo_linear_system_i/processing_system7_0/inst/FCLK_CLK0 | smo_linear_system_i/synth_top_0/x_value_load_phi_reg_878_reg[63]_i_10_n_4                                                                                               |                                                                                                                                                                                                                                                                                                   |               15 |             64 |
|  smo_linear_system_i/processing_system7_0/inst/FCLK_CLK0 | smo_linear_system_i/synth_top_0/x_value_load_phi_reg_878_reg[63]_i_12_n_4                                                                                               |                                                                                                                                                                                                                                                                                                   |               22 |             64 |
|  smo_linear_system_i/processing_system7_0/inst/FCLK_CLK0 | smo_linear_system_i/synth_top_0/x_value_load_phi_reg_878_reg[63]_i_6_n_4                                                                                                |                                                                                                                                                                                                                                                                                                   |               21 |             64 |
|  smo_linear_system_i/processing_system7_0/inst/FCLK_CLK0 | smo_linear_system_i/synth_top_0/x_value_load_phi_reg_878_reg[63]_i_8_n_4                                                                                                |                                                                                                                                                                                                                                                                                                   |               19 |             64 |
|  smo_linear_system_i/processing_system7_0/inst/FCLK_CLK0 | smo_linear_system_i/synth_top_0/inst/synth_top_writeResult_U0/grp_synth_top_classifyPoly_fu_149/grp_synth_top_dotProduct_fu_253/ap_sig_bdd_211                          |                                                                                                                                                                                                                                                                                                   |               28 |             65 |
|  smo_linear_system_i/processing_system7_0/inst/FCLK_CLK0 |                                                                                                                                                                         | smo_linear_system_i/processing_system7_0_axi_periph/s00_couplers/auto_pc/inst/gen_axilite.gen_b2s_conv.axilite_b2s/areset_d1                                                                                                                                                                      |               18 |             69 |
|  smo_linear_system_i/processing_system7_0/inst/FCLK_CLK0 | smo_linear_system_i/synth_top_0/inst/synth_top_writeResult_U0/grp_synth_top_classifyLinear_fu_193/weight_ce0                                                            |                                                                                                                                                                                                                                                                                                   |               39 |             96 |
|  smo_linear_system_i/processing_system7_0/inst/FCLK_CLK0 | smo_linear_system_i/synth_top_0/inst/synth_top_writeResult_U0/grp_synth_top_classifyPoly_fu_149/ap_sig_bdd_370                                                          |                                                                                                                                                                                                                                                                                                   |               32 |            128 |
|  smo_linear_system_i/processing_system7_0/inst/FCLK_CLK0 | smo_linear_system_i/synth_top_0/inst/synth_top_writeResult_U0/grp_synth_top_classifyLinear_fu_193/ap_sig_bdd_184                                                        |                                                                                                                                                                                                                                                                                                   |               38 |            129 |
|  smo_linear_system_i/processing_system7_0/inst/FCLK_CLK0 | smo_linear_system_i/synth_top_0/inst/synth_top_writeResult_U0/grp_synth_top_classifyPoly_fu_149/grp_synth_top_dotProduct_fu_253/ap_sig_bdd_196                          |                                                                                                                                                                                                                                                                                                   |               79 |            192 |
|  smo_linear_system_i/processing_system7_0/inst/FCLK_CLK0 |                                                                                                                                                                         | smo_linear_system_i/synth_top_0/inst/synth_top_writeResult_U0/grp_synth_top_classifyPoly_fu_149/grp_synth_top_dotProduct_fu_253/SR[0]                                                                                                                                                             |               75 |            218 |
|  smo_linear_system_i/processing_system7_0/inst/FCLK_CLK0 |                                                                                                                                                                         |                                                                                                                                                                                                                                                                                                   |             1562 |           5094 |
+----------------------------------------------------------+-------------------------------------------------------------------------------------------------------------------------------------------------------------------------+---------------------------------------------------------------------------------------------------------------------------------------------------------------------------------------------------------------------------------------------------------------------------------------------------+------------------+----------------+


