

================================================================
== Vivado HLS Report for 'synth_top_classifyPoly'
================================================================
* Date:           Thu May 21 18:38:33 2015

* Version:        2015.1 (Build 1215546 on Mon Apr 27 19:24:50 PM 2015)
* Project:        smosynth.prj
* Solution:       solution1
* Product family: zynq
* Target device:  xc7z020clg484-1


================================================================
== Performance Estimates
================================================================
+ Timing (ns): 
    * Summary: 
    +---------+-------+----------+------------+
    |  Clock  | Target| Estimated| Uncertainty|
    +---------+-------+----------+------------+
    |default  |  10.00|      8.23|        1.25|
    +---------+-------+----------+------------+

+ Latency (clock cycles): 
    * Summary: 
    +--------+---------+--------+---------+---------+
    |      Latency     |     Interval     | Pipeline|
    |   min  |   max   |   min  |   max   |   Type  |
    +--------+---------+--------+---------+---------+
    |  148152|  1691052|  148152|  1691052|   none  |
    +--------+---------+--------+---------+---------+

    + Detail: 
        * Instance: 
        +---------------------------------+----------------------+-----+-----+-----+-----+---------+
        |                                 |                      |  Latency  |  Interval | Pipeline|
        |             Instance            |        Module        | min | max | min | max |   Type  |
        +---------------------------------+----------------------+-----+-----+-----+-----+---------+
        |grp_synth_top_dotProduct_fu_253  |synth_top_dotProduct  |    1|  835|    1|  835|   none  |
        +---------------------------------+----------------------+-----+-----+-----+-----+---------+

        * Loop: 
        +------------------------+--------+---------+--------------+-----------+-----------+------+----------+
        |                        |      Latency     |   Iteration  |  Initiation Interval  | Trip |          |
        |        Loop Name       |   min  |   max   |    Latency   |  achieved |   target  | Count| Pipelined|
        +------------------------+--------+---------+--------------+-----------+-----------+------+----------+
        |- POLY_INIT_FOR_LOOP    |      50|       50|             1|          -|          -|    50|    no    |
        |- POLY_OUTER_FOR_LOOP   |  148100|  1691000| 2962 ~ 33820 |          -|          -|    50|    no    |
        | + POLY_INNER_FOR_LOOP  |    2960|    33818|   80 ~ 914   |          -|          -|    37|    no    |
        +------------------------+--------+---------+--------------+-----------+-----------+------+----------+



================================================================
== Utilization Estimates
================================================================
* Summary: 
+-----------------+---------+-------+--------+-------+
|       Name      | BRAM_18K| DSP48E|   FF   |  LUT  |
+-----------------+---------+-------+--------+-------+
|Expression       |        -|      -|       0|     27|
|FIFO             |        -|      -|       -|      -|
|Instance         |        -|    122|    6570|  10360|
|Memory           |        -|      -|       -|      -|
|Multiplexer      |        -|      -|       -|    382|
|Register         |        -|      -|     733|      -|
+-----------------+---------+-------+--------+-------+
|Total            |        0|    122|    7303|  10769|
+-----------------+---------+-------+--------+-------+
|Available        |      280|    220|  106400|  53200|
+-----------------+---------+-------+--------+-------+
|Utilization (%)  |        0|     55|       6|     20|
+-----------------+---------+-------+--------+-------+

+ Detail: 
    * Instance: 
    +---------------------------------------------+-----------------------------------------+---------+-------+------+------+
    |                   Instance                  |                  Module                 | BRAM_18K| DSP48E|  FF  |  LUT |
    +---------------------------------------------+-----------------------------------------+---------+-------+------+------+
    |synth_top_dadd_64ns_64ns_64_5_full_dsp_U28   |synth_top_dadd_64ns_64ns_64_5_full_dsp   |        0|      3|   445|  1149|
    |synth_top_dexp_64ns_64ns_64_18_full_dsp_U31  |synth_top_dexp_64ns_64ns_64_18_full_dsp  |        0|     26|  1549|  2599|
    |synth_top_dlog_64ns_64ns_64_31_full_dsp_U30  |synth_top_dlog_64ns_64ns_64_31_full_dsp  |        0|     61|  1909|  1510|
    |synth_top_dmul_64ns_64ns_64_6_max_dsp_U29    |synth_top_dmul_64ns_64ns_64_6_max_dsp    |        0|     11|   317|   578|
    |grp_synth_top_dotProduct_fu_253              |synth_top_dotProduct                     |        0|     16|  1774|  3398|
    |synth_top_fadd_32ns_32ns_32_5_full_dsp_U24   |synth_top_fadd_32ns_32ns_32_5_full_dsp   |        0|      2|   205|   390|
    |synth_top_fmul_32ns_32ns_32_4_max_dsp_U25    |synth_top_fmul_32ns_32ns_32_4_max_dsp    |        0|      3|   143|   321|
    |synth_top_fpext_32ns_64_1_U27                |synth_top_fpext_32ns_64_1                |        0|      0|   100|   138|
    |synth_top_fptrunc_64ns_32_1_U26              |synth_top_fptrunc_64ns_32_1              |        0|      0|   128|   277|
    +---------------------------------------------+-----------------------------------------+---------+-------+------+------+
    |Total                                        |                                         |        0|    122|  6570| 10360|
    +---------------------------------------------+-----------------------------------------+---------+-------+------+------+

    * Memory: 
    N/A

    * FIFO: 
    N/A

    * Expression: 
    +---------------------+----------+-------+---+----+------------+------------+
    |    Variable Name    | Operation| DSP48E| FF| LUT| Bitwidth P0| Bitwidth P1|
    +---------------------+----------+-------+---+----+------------+------------+
    |i_2_fu_355_p2        |     +    |      0|  0|   6|           6|           1|
    |i_3_fu_384_p2        |     +    |      0|  0|   6|           6|           1|
    |j_1_fu_390_p2        |     +    |      0|  0|   6|           6|           1|
    |exitcond1_fu_361_p2  |   icmp   |      0|  0|   3|           6|           5|
    |exitcond2_fu_344_p2  |   icmp   |      0|  0|   3|           6|           5|
    |exitcond_fu_373_p2   |   icmp   |      0|  0|   3|           6|           6|
    +---------------------+----------+-------+---+----+------------+------------+
    |Total                |          |      0|  0|  27|          36|          19|
    +---------------------+----------+-------+---+----+------------+------------+

    * Multiplexer: 
    +---------------------+-----+-----------+-----+-----------+
    |         Name        | LUT | Input Size| Bits| Total Bits|
    +---------------------+-----+-----------+-----+-----------+
    |ap_NS_fsm            |  182|         83|    1|         83|
    |example_0_id_ce0     |    1|          2|    1|          2|
    |example_0_value_ce0  |    1|          2|    1|          2|
    |example_1_id_ce0     |    1|          2|    1|          2|
    |example_1_value_ce0  |    1|          2|    1|          2|
    |example_2_id_ce0     |    1|          2|    1|          2|
    |example_2_value_ce0  |    1|          2|    1|          2|
    |example_3_id_ce0     |    1|          2|    1|          2|
    |example_3_value_ce0  |    1|          2|    1|          2|
    |grp_fu_305_p0        |   64|          4|   64|        256|
    |grp_fu_309_p0        |   32|          4|   32|        128|
    |i_1_reg_228          |    6|          2|    6|         12|
    |i_reg_217            |    6|          2|    6|         12|
    |j_reg_240            |    6|          2|    6|         12|
    |output_r_address0    |    6|          3|    6|         18|
    |output_r_d0          |   64|          3|   64|        192|
    |sv_0_id_ce0          |    1|          2|    1|          2|
    |sv_0_value_ce0       |    1|          2|    1|          2|
    |sv_1_id_ce0          |    1|          2|    1|          2|
    |sv_1_value_ce0       |    1|          2|    1|          2|
    |sv_2_id_ce0          |    1|          2|    1|          2|
    |sv_2_value_ce0       |    1|          2|    1|          2|
    |sv_3_id_ce0          |    1|          2|    1|          2|
    |sv_3_value_ce0       |    1|          2|    1|          2|
    +---------------------+-----+-----------+-----+-----------+
    |Total                |  382|        135|  201|        745|
    +---------------------+-----+-----------+-----+-----------+

    * Register: 
    +-------------------------------------------------------+----+----+-----+-----------+
    |                          Name                         | FF | LUT| Bits| Const Bits|
    +-------------------------------------------------------+----+----+-----+-----------+
    |ap_CS_fsm                                              |  82|   0|   82|          0|
    |grp_synth_top_dotProduct_fu_253_ap_start_ap_start_reg  |   1|   0|    1|          0|
    |i_1_reg_228                                            |   6|   0|    6|          0|
    |i_reg_217                                              |   6|   0|    6|          0|
    |j_1_reg_445                                            |   6|   0|    6|          0|
    |j_reg_240                                              |   6|   0|    6|          0|
    |lambda_load_reg_475                                    |  64|   0|   64|          0|
    |nonZeroFeature_addr_reg_407                            |   6|   0|    6|          0|
    |nonZeroFeature_load_reg_440                            |  32|   0|   32|          0|
    |output_addr_1_reg_412                                  |   6|   0|    6|          0|
    |output_load_reg_485                                    |  64|   0|   64|          0|
    |reg_330                                                |  32|   0|   32|          0|
    |reg_337                                                |  64|   0|   64|          0|
    |svNonZeroFeature_load_reg_435                          |  32|   0|   32|          0|
    |tmp_11_reg_480                                         |  64|   0|   64|          0|
    |tmp_12_reg_490                                         |  64|   0|   64|          0|
    |tmp_2_reg_420                                          |   6|   0|   64|         58|
    |tmp_4_reg_450                                          |  32|   0|   32|          0|
    |tmp_6_reg_455                                          |  64|   0|   64|          0|
    |tmp_7_reg_460                                          |  32|   0|   32|          0|
    |tmp_9_reg_465                                          |  64|   0|   64|          0|
    +-------------------------------------------------------+----+----+-----+-----------+
    |Total                                                  | 733|   0|  791|         58|
    +-------------------------------------------------------+----+----+-----+-----------+



================================================================
== Interface
================================================================
* Summary: 
+---------------------------+-----+-----+------------+------------------------+--------------+
|         RTL Ports         | Dir | Bits|  Protocol  |      Source Object     |    C Type    |
+---------------------------+-----+-----+------------+------------------------+--------------+
|ap_clk                     |  in |    1| ap_ctrl_hs | synth_top_classifyPoly | return value |
|ap_rst                     |  in |    1| ap_ctrl_hs | synth_top_classifyPoly | return value |
|ap_start                   |  in |    1| ap_ctrl_hs | synth_top_classifyPoly | return value |
|ap_done                    | out |    1| ap_ctrl_hs | synth_top_classifyPoly | return value |
|ap_idle                    | out |    1| ap_ctrl_hs | synth_top_classifyPoly | return value |
|ap_ready                   | out |    1| ap_ctrl_hs | synth_top_classifyPoly | return value |
|example_0_id_address0      | out |   10|  ap_memory |      example_0_id      |     array    |
|example_0_id_ce0           | out |    1|  ap_memory |      example_0_id      |     array    |
|example_0_id_q0            |  in |   32|  ap_memory |      example_0_id      |     array    |
|example_1_id_address0      | out |   10|  ap_memory |      example_1_id      |     array    |
|example_1_id_ce0           | out |    1|  ap_memory |      example_1_id      |     array    |
|example_1_id_q0            |  in |   32|  ap_memory |      example_1_id      |     array    |
|example_2_id_address0      | out |   10|  ap_memory |      example_2_id      |     array    |
|example_2_id_ce0           | out |    1|  ap_memory |      example_2_id      |     array    |
|example_2_id_q0            |  in |   32|  ap_memory |      example_2_id      |     array    |
|example_3_id_address0      | out |   10|  ap_memory |      example_3_id      |     array    |
|example_3_id_ce0           | out |    1|  ap_memory |      example_3_id      |     array    |
|example_3_id_q0            |  in |   32|  ap_memory |      example_3_id      |     array    |
|example_0_value_address0   | out |   10|  ap_memory |     example_0_value    |     array    |
|example_0_value_ce0        | out |    1|  ap_memory |     example_0_value    |     array    |
|example_0_value_q0         |  in |   64|  ap_memory |     example_0_value    |     array    |
|example_1_value_address0   | out |   10|  ap_memory |     example_1_value    |     array    |
|example_1_value_ce0        | out |    1|  ap_memory |     example_1_value    |     array    |
|example_1_value_q0         |  in |   64|  ap_memory |     example_1_value    |     array    |
|example_2_value_address0   | out |   10|  ap_memory |     example_2_value    |     array    |
|example_2_value_ce0        | out |    1|  ap_memory |     example_2_value    |     array    |
|example_2_value_q0         |  in |   64|  ap_memory |     example_2_value    |     array    |
|example_3_value_address0   | out |   10|  ap_memory |     example_3_value    |     array    |
|example_3_value_ce0        | out |    1|  ap_memory |     example_3_value    |     array    |
|example_3_value_q0         |  in |   64|  ap_memory |     example_3_value    |     array    |
|sv_0_id_address0           | out |    9|  ap_memory |         sv_0_id        |     array    |
|sv_0_id_ce0                | out |    1|  ap_memory |         sv_0_id        |     array    |
|sv_0_id_q0                 |  in |   32|  ap_memory |         sv_0_id        |     array    |
|sv_1_id_address0           | out |    9|  ap_memory |         sv_1_id        |     array    |
|sv_1_id_ce0                | out |    1|  ap_memory |         sv_1_id        |     array    |
|sv_1_id_q0                 |  in |   32|  ap_memory |         sv_1_id        |     array    |
|sv_2_id_address0           | out |    9|  ap_memory |         sv_2_id        |     array    |
|sv_2_id_ce0                | out |    1|  ap_memory |         sv_2_id        |     array    |
|sv_2_id_q0                 |  in |   32|  ap_memory |         sv_2_id        |     array    |
|sv_3_id_address0           | out |    9|  ap_memory |         sv_3_id        |     array    |
|sv_3_id_ce0                | out |    1|  ap_memory |         sv_3_id        |     array    |
|sv_3_id_q0                 |  in |   32|  ap_memory |         sv_3_id        |     array    |
|sv_0_value_address0        | out |    9|  ap_memory |       sv_0_value       |     array    |
|sv_0_value_ce0             | out |    1|  ap_memory |       sv_0_value       |     array    |
|sv_0_value_q0              |  in |   64|  ap_memory |       sv_0_value       |     array    |
|sv_1_value_address0        | out |    9|  ap_memory |       sv_1_value       |     array    |
|sv_1_value_ce0             | out |    1|  ap_memory |       sv_1_value       |     array    |
|sv_1_value_q0              |  in |   64|  ap_memory |       sv_1_value       |     array    |
|sv_2_value_address0        | out |    9|  ap_memory |       sv_2_value       |     array    |
|sv_2_value_ce0             | out |    1|  ap_memory |       sv_2_value       |     array    |
|sv_2_value_q0              |  in |   64|  ap_memory |       sv_2_value       |     array    |
|sv_3_value_address0        | out |    9|  ap_memory |       sv_3_value       |     array    |
|sv_3_value_ce0             | out |    1|  ap_memory |       sv_3_value       |     array    |
|sv_3_value_q0              |  in |   64|  ap_memory |       sv_3_value       |     array    |
|lambda_address0            | out |    6|  ap_memory |         lambda         |     array    |
|lambda_ce0                 | out |    1|  ap_memory |         lambda         |     array    |
|lambda_q0                  |  in |   64|  ap_memory |         lambda         |     array    |
|svNonZeroFeature_address0  | out |    6|  ap_memory |    svNonZeroFeature    |     array    |
|svNonZeroFeature_ce0       | out |    1|  ap_memory |    svNonZeroFeature    |     array    |
|svNonZeroFeature_q0        |  in |   32|  ap_memory |    svNonZeroFeature    |     array    |
|nonZeroFeature_address0    | out |    6|  ap_memory |     nonZeroFeature     |     array    |
|nonZeroFeature_ce0         | out |    1|  ap_memory |     nonZeroFeature     |     array    |
|nonZeroFeature_q0          |  in |   32|  ap_memory |     nonZeroFeature     |     array    |
|output_r_address0          | out |    6|  ap_memory |        output_r        |     array    |
|output_r_ce0               | out |    1|  ap_memory |        output_r        |     array    |
|output_r_we0               | out |    1|  ap_memory |        output_r        |     array    |
|output_r_d0                | out |   64|  ap_memory |        output_r        |     array    |
|output_r_q0                |  in |   64|  ap_memory |        output_r        |     array    |
+---------------------------+-----+-----+------------+------------------------+--------------+

