Report time       : Thu May 21 18:33:36 EDT 2015.
Simulation tool   : xsim.

+----------+----------+-----------------------------------------------+-----------------------------------------------+
|          |          |                    Latency                    |                    Interval                   |
+   RTL    +  Status  +-----------------------------------------------+-----------------------------------------------+
|          |          |      min      |      avg      |      max      |      min      |      avg      |      max      |
+----------+----------+-----------------------------------------------+-----------------------------------------------+
|      VHDL|      Fail|             NA|             NA|             NA|             NA|             NA|             NA|
|   Verilog|      Pass|          25077|          25077|          25077|          25078|          25078|          25078|
+----------+----------+-----------------------------------------------+-----------------------------------------------+
